../W25Rxx/w25rxx.c:20:9:W25RXX_Spi	32	static
../W25Rxx/w25rxx.c:27:10:W25RXX_ReadID	24	static
../W25Rxx/w25rxx.c:40:6:W25RXX_ReadUniqID	16	static
../W25Rxx/w25rxx.c:51:6:W25RXX_WriteEnable	8	static
../W25Rxx/w25rxx.c:59:6:W25RXX_WriteDisable	8	static
../W25Rxx/w25rxx.c:67:9:W25RXX_ReadStatusRegister	16	static
../W25Rxx/w25rxx.c:93:6:W25RXX_WriteStatusRegister	16	static
../W25Rxx/w25rxx.c:115:6:W25RXX_WaitForWriteEnd	8	static
../W25Rxx/w25rxx.c:128:6:W25RXX_Init	16	static
../W25Rxx/w25rxx.c:247:6:W25RXX_EraseChip	16	static
../W25Rxx/w25rxx.c:268:6:W25RXX_EraseSector	16	static
../W25Rxx/w25rxx.c:302:6:W25RXX_EraseBlock	16	static
../W25Rxx/w25rxx.c:338:10:W25RXX_PageToSector	0	static
../W25Rxx/w25rxx.c:343:10:W25RXX_PageToBlock	0	static
../W25Rxx/w25rxx.c:348:10:W25RXX_SectorToBlock	0	static
../W25Rxx/w25rxx.c:353:10:W25RXX_SectorToPage	0	static
../W25Rxx/w25rxx.c:358:10:W25RXX_BlockToPage	0	static
../W25Rxx/w25rxx.c:363:6:W25RXX_IsEmptyPage	72	static
../W25Rxx/w25rxx.c:445:6:W25RXX_IsEmptySector	72	static
../W25Rxx/w25rxx.c:526:6:W25RXX_IsEmptyBlock	72	static
../W25Rxx/w25rxx.c:609:6:W25RXX_WriteByte	24	static
../W25Rxx/w25rxx.c:643:6:W25RXX_WritePage	32	static
../W25Rxx/w25rxx.c:695:6:W25RXX_WriteSector	24	static
../W25Rxx/w25rxx.c:734:6:W25RXX_WriteBlock	24	static
../W25Rxx/w25rxx.c:773:6:W25RXX_ReadByte	32	static
../W25Rxx/w25rxx.c:805:6:W25RXX_ReadBytes	32	static
../W25Rxx/w25rxx.c:850:6:W25RXX_ReadPage	32	static
../W25Rxx/w25rxx.c:900:6:W25RXX_ReadSector	24	static
../W25Rxx/w25rxx.c:939:6:W25RXX_ReadBlock	24	static
