../gsm_v5-master/gsm.c:6:6:gsm_found	24	static
../gsm_v5-master/gsm.c:141:6:gsm_init_commands	40	static
../gsm_v5-master/gsm.c:167:6:gsm_lock	16	static
../gsm_v5-master/gsm.c:182:6:gsm_unlock	0	static
../gsm_v5-master/gsm.c:187:6:gsm_init	16	static
../gsm_v5-master/gsm.c:484:6:gsm_power	56	static
../gsm_v5-master/gsm.c:565:6:gsm_registered	0	static
../gsm_v5-master/gsm.c:570:6:gsm_setDefault	32	static
../gsm_v5-master/gsm.c:588:6:gsm_saveProfile	32	static
../gsm_v5-master/gsm.c:606:6:gsm_enterPinPuk	64	static
../gsm_v5-master/gsm.c:631:6:gsm_getIMEI	64	static
../gsm_v5-master/gsm.c:661:6:gsm_getVersion	48	dynamic
../gsm_v5-master/gsm.c:693:6:gsm_getModel	48	dynamic
../gsm_v5-master/gsm.c:725:6:gsm_getServiceProviderName	48	dynamic
../gsm_v5-master/gsm.c:757:9:gsm_getSignalQuality_0_to_100	64	static
../gsm_v5-master/gsm.c:232:6:gsm_loop	112	static
../gsm_v5-master/gsm.c:787:6:gsm_waitForRegister	16	static
../gsm_v5-master/gsm.c:812:6:gsm_tonePlay	96	static
../gsm_v5-master/gsm.c:839:6:gsm_toneStop	32	static
../gsm_v5-master/gsm.c:857:6:gsm_dtmf	72	static
../gsm_v5-master/gsm.c:877:6:gsm_ussd	72	dynamic
