../Drivers/CMSIS/Include/core_cm4.h:1939:34:__NVIC_SystemReset	0	static,ignoring_inline_asm
../Core/Src/main.c:340:5:_write	8	static
../Core/Src/main.c:443:6:CheckForMW	64	static
../Core/Src/main.c:694:6:GotoApp	16	static,ignoring_inline_asm
../Core/Src/main.c:727:6:WriteBootSection	48	static
../Core/Src/main.c:756:6:getFlag	8	static
../Core/Src/main.c:767:6:WriteLog	32	static
../Core/Src/main.c:349:6:ODIN_Diags	16	static
../Core/Src/main.c:405:6:isAppPresent	16	static
../Core/Src/main.c:470:6:ODIN_Err	16	static
../Core/Src/main.c:667:6:ODIN_SOS	32	static
../Core/Src/main.c:965:6:PrintLog	8	static
../Core/Src/main.c:988:6:setFlag	16	static
../Core/Src/main.c:821:6:CertsUpdate	8	static
../Core/Src/main.c:940:6:FactoryReset	8	static
../Core/Src/main.c:1003:6:ReadUDCfg	16	static
../Core/Src/main.c:1105:6:Error_Handler	8	static,ignoring_inline_asm
../Core/Src/main.c:298:6:SystemClock_Config	88	static
../Core/Src/main.c:589:6:Flash_Verify	40	static
../Core/Src/main.c:493:6:ODIN_Recovery	8	static
../Core/Src/main.c:530:6:ODIN_OTA	48	static
../Core/Src/main.c:200:5:main	8	static
