Archive member included to satisfy reference by file (symbol)

/Applications/STM32CubeIDE.app/Contents/Eclipse/plugins/com.st.stm32cube.ide.mcu.externaltools.gnu-tools-for-stm32.10.3-2021.10.macos64_1.0.0.202111181127/tools/bin/../lib/gcc/arm-none-eabi/10.3.1/../../../../arm-none-eabi/lib/thumb/v7e-m+fp/hard/libc_nano.a(lib_a-atoi.o)
                              ./gsm_v5-master/gprs.o (atoi)
/Applications/STM32CubeIDE.app/Contents/Eclipse/plugins/com.st.stm32cube.ide.mcu.externaltools.gnu-tools-for-stm32.10.3-2021.10.macos64_1.0.0.202111181127/tools/bin/../lib/gcc/arm-none-eabi/10.3.1/../../../../arm-none-eabi/lib/thumb/v7e-m+fp/hard/libc_nano.a(lib_a-calloc.o)
                              ./Core/Src/main.o (calloc)
/Applications/STM32CubeIDE.app/Contents/Eclipse/plugins/com.st.stm32cube.ide.mcu.externaltools.gnu-tools-for-stm32.10.3-2021.10.macos64_1.0.0.202111181127/tools/bin/../lib/gcc/arm-none-eabi/10.3.1/../../../../arm-none-eabi/lib/thumb/v7e-m+fp/hard/libc_nano.a(lib_a-errno.o)
                              ./Core/Src/syscalls.o (__errno)
/Applications/STM32CubeIDE.app/Contents/Eclipse/plugins/com.st.stm32cube.ide.mcu.externaltools.gnu-tools-for-stm32.10.3-2021.10.macos64_1.0.0.202111181127/tools/bin/../lib/gcc/arm-none-eabi/10.3.1/../../../../arm-none-eabi/lib/thumb/v7e-m+fp/hard/libc_nano.a(lib_a-exit.o)
                              /Applications/STM32CubeIDE.app/Contents/Eclipse/plugins/com.st.stm32cube.ide.mcu.externaltools.gnu-tools-for-stm32.10.3-2021.10.macos64_1.0.0.202111181127/tools/bin/../lib/gcc/arm-none-eabi/10.3.1/../../../../arm-none-eabi/lib/thumb/v7e-m+fp/hard/crt0.o (exit)
/Applications/STM32CubeIDE.app/Contents/Eclipse/plugins/com.st.stm32cube.ide.mcu.externaltools.gnu-tools-for-stm32.10.3-2021.10.macos64_1.0.0.202111181127/tools/bin/../lib/gcc/arm-none-eabi/10.3.1/../../../../arm-none-eabi/lib/thumb/v7e-m+fp/hard/libc_nano.a(lib_a-impure.o)
                              /Applications/STM32CubeIDE.app/Contents/Eclipse/plugins/com.st.stm32cube.ide.mcu.externaltools.gnu-tools-for-stm32.10.3-2021.10.macos64_1.0.0.202111181127/tools/bin/../lib/gcc/arm-none-eabi/10.3.1/../../../../arm-none-eabi/lib/thumb/v7e-m+fp/hard/libc_nano.a(lib_a-exit.o) (_global_impure_ptr)
/Applications/STM32CubeIDE.app/Contents/Eclipse/plugins/com.st.stm32cube.ide.mcu.externaltools.gnu-tools-for-stm32.10.3-2021.10.macos64_1.0.0.202111181127/tools/bin/../lib/gcc/arm-none-eabi/10.3.1/../../../../arm-none-eabi/lib/thumb/v7e-m+fp/hard/libc_nano.a(lib_a-init.o)
                              /Applications/STM32CubeIDE.app/Contents/Eclipse/plugins/com.st.stm32cube.ide.mcu.externaltools.gnu-tools-for-stm32.10.3-2021.10.macos64_1.0.0.202111181127/tools/bin/../lib/gcc/arm-none-eabi/10.3.1/../../../../arm-none-eabi/lib/thumb/v7e-m+fp/hard/crt0.o (__libc_init_array)
/Applications/STM32CubeIDE.app/Contents/Eclipse/plugins/com.st.stm32cube.ide.mcu.externaltools.gnu-tools-for-stm32.10.3-2021.10.macos64_1.0.0.202111181127/tools/bin/../lib/gcc/arm-none-eabi/10.3.1/../../../../arm-none-eabi/lib/thumb/v7e-m+fp/hard/libc_nano.a(lib_a-malloc.o)
                              ./Core/ThreadSafe/newlib_lock_glue.o (malloc)
/Applications/STM32CubeIDE.app/Contents/Eclipse/plugins/com.st.stm32cube.ide.mcu.externaltools.gnu-tools-for-stm32.10.3-2021.10.macos64_1.0.0.202111181127/tools/bin/../lib/gcc/arm-none-eabi/10.3.1/../../../../arm-none-eabi/lib/thumb/v7e-m+fp/hard/libc_nano.a(lib_a-memcpy-stub.o)
                              ./gsm_v5-master/gprs.o (memcpy)
/Applications/STM32CubeIDE.app/Contents/Eclipse/plugins/com.st.stm32cube.ide.mcu.externaltools.gnu-tools-for-stm32.10.3-2021.10.macos64_1.0.0.202111181127/tools/bin/../lib/gcc/arm-none-eabi/10.3.1/../../../../arm-none-eabi/lib/thumb/v7e-m+fp/hard/libc_nano.a(lib_a-memset.o)
                              /Applications/STM32CubeIDE.app/Contents/Eclipse/plugins/com.st.stm32cube.ide.mcu.externaltools.gnu-tools-for-stm32.10.3-2021.10.macos64_1.0.0.202111181127/tools/bin/../lib/gcc/arm-none-eabi/10.3.1/../../../../arm-none-eabi/lib/thumb/v7e-m+fp/hard/crt0.o (memset)
/Applications/STM32CubeIDE.app/Contents/Eclipse/plugins/com.st.stm32cube.ide.mcu.externaltools.gnu-tools-for-stm32.10.3-2021.10.macos64_1.0.0.202111181127/tools/bin/../lib/gcc/arm-none-eabi/10.3.1/../../../../arm-none-eabi/lib/thumb/v7e-m+fp/hard/libc_nano.a(lib_a-nano-callocr.o)
                              /Applications/STM32CubeIDE.app/Contents/Eclipse/plugins/com.st.stm32cube.ide.mcu.externaltools.gnu-tools-for-stm32.10.3-2021.10.macos64_1.0.0.202111181127/tools/bin/../lib/gcc/arm-none-eabi/10.3.1/../../../../arm-none-eabi/lib/thumb/v7e-m+fp/hard/libc_nano.a(lib_a-calloc.o) (_calloc_r)
/Applications/STM32CubeIDE.app/Contents/Eclipse/plugins/com.st.stm32cube.ide.mcu.externaltools.gnu-tools-for-stm32.10.3-2021.10.macos64_1.0.0.202111181127/tools/bin/../lib/gcc/arm-none-eabi/10.3.1/../../../../arm-none-eabi/lib/thumb/v7e-m+fp/hard/libc_nano.a(lib_a-nano-freer.o)
[...]
Memory Configuration

Name             Origin             Length             Attributes
RAM              0x0000000020000000 0x0000000000020000 xrw
FLASH            0x0000000008000000 0x0000000000080000 xr
*default*        0x0000000000000000 0xffffffffffffffff

Linker script and memory map

LOAD /Applications/STM32CubeIDE.app/Contents/Eclipse/plugins/com.st.stm32cube.ide.mcu.externaltools.gnu-tools-for-stm32.10.3-2021.10.macos64_1.0.0.202111181127/tools/bin/../lib/gcc/arm-none-eabi/10.3.1/thumb/v7e-m+fp/hard/crti.o
LOAD /Applications/STM32CubeIDE.app/Contents/Eclipse/plugins/com.st.stm32cube.ide.mcu.externaltools.gnu-tools-for-stm32.10.3-2021.10.macos64_1.0.0.202111181127/tools/bin/../lib/gcc/arm-none-eabi/10.3.1/thumb/v7e-m+fp/hard/crtbegin.o
LOAD /Applications/STM32CubeIDE.app/Contents/Eclipse/plugins/com.st.stm32cube.ide.mcu.externaltools.gnu-tools-for-stm32.10.3-2021.10.macos64_1.0.0.202111181127/tools/bin/../lib/gcc/arm-none-eabi/10.3.1/../../../../arm-none-eabi/lib/thumb/v7e-m+fp/hard/crt0.o
LOAD ./Core/Src/crc.o
LOAD ./Core/Src/dma.o
LOAD ./Core/Src/gpio.o
LOAD ./Core/Src/main.o
LOAD ./Core/Src/spi.o
LOAD ./Core/Src/stm32f4xx_hal_msp.o
LOAD ./Core/Src/stm32f4xx_it.o
LOAD ./Core/Src/syscalls.o
LOAD ./Core/Src/sysmem.o
LOAD ./Core/Src/system_stm32f4xx.o
LOAD ./Core/Src/tim.o
LOAD ./Core/Src/usart.o
LOAD ./Core/Startup/startup_stm32f411ceux.o
LOAD ./Core/ThreadSafe/newlib_lock_glue.o
LOAD ./Drivers/STM32F4xx_HAL_Driver/Src/stm32f4xx_hal.o
LOAD ./Drivers/STM32F4xx_HAL_Driver/Src/stm32f4xx_hal_cortex.o
LOAD ./Drivers/STM32F4xx_HAL_Driver/Src/stm32f4xx_hal_crc.o
LOAD ./Drivers/STM32F4xx_HAL_Driver/Src/stm32f4xx_hal_dma.o
LOAD ./Drivers/STM32F4xx_HAL_Driver/Src/stm32f4xx_hal_dma_ex.o
LOAD ./Drivers/STM32F4xx_HAL_Driver/Src/stm32f4xx_hal_exti.o
LOAD ./Drivers/STM32F4xx_HAL_Driver/Src/stm32f4xx_hal_flash.o
LOAD ./Drivers/STM32F4xx_HAL_Driver/Src/stm32f4xx_hal_flash_ex.o
LOAD ./Drivers/STM32F4xx_HAL_Driver/Src/stm32f4xx_hal_flash_ramfunc.o
LOAD ./Drivers/STM32F4xx_HAL_Driver/Src/stm32f4xx_hal_gpio.o
LOAD ./Drivers/STM32F4xx_HAL_Driver/Src/stm32f4xx_hal_pcd.o
LOAD ./Drivers/STM32F4xx_HAL_Driver/Src/stm32f4xx_hal_pcd_ex.o
LOAD ./Drivers/STM32F4xx_HAL_Driver/Src/stm32f4xx_hal_pwr.o
LOAD ./Drivers/STM32F4xx_HAL_Driver/Src/stm32f4xx_hal_pwr_ex.o
LOAD ./Drivers/STM32F4xx_HAL_Driver/Src/stm32f4xx_hal_rcc.o
LOAD ./Drivers/STM32F4xx_HAL_Driver/Src/stm32f4xx_hal_rcc_ex.o
LOAD ./Drivers/STM32F4xx_HAL_Driver/Src/stm32f4xx_hal_spi.o
LOAD ./Drivers/STM32F4xx_HAL_Driver/Src/stm32f4xx_hal_tim.o
LOAD ./Drivers/STM32F4xx_HAL_Driver/Src/stm32f4xx_hal_tim_ex.o
LOAD ./Drivers/STM32F4xx_HAL_Driver/Src/stm32f4xx_ll_dma.o
LOAD ./Drivers/STM32F4xx_HAL_Driver/Src/stm32f4xx_ll_exti.o
LOAD ./Drivers/STM32F4xx_HAL_Driver/Src/stm32f4xx_ll_gpio.o
LOAD ./Drivers/STM32F4xx_HAL_Driver/Src/stm32f4xx_ll_rcc.o
LOAD ./Drivers/STM32F4xx_HAL_Driver/Src/stm32f4xx_ll_usart.o
LOAD ./Drivers/STM32F4xx_HAL_Driver/Src/stm32f4xx_ll_usb.o
LOAD ./Drivers/STM32F4xx_HAL_Driver/Src/stm32f4xx_ll_utils.o
LOAD ./Middlewares/ST/STM32_USB_Device_Library/Class/CDC/Src/usbd_cdc.o
LOAD ./Middlewares/ST/STM32_USB_Device_Library/Core/Src/usbd_core.o
LOAD ./Middlewares/ST/STM32_USB_Device_Library/Core/Src/usbd_ctlreq.o
LOAD ./Middlewares/ST/STM32_USB_Device_Library/Core/Src/usbd_ioreq.o
LOAD ./SIM800C/SIM800C.o
LOAD ./USB_DEVICE/App/usb_device.o
LOAD ./USB_DEVICE/App/usbd_cdc_if.o
LOAD ./USB_DEVICE/App/usbd_desc.o
LOAD ./USB_DEVICE/Target/usbd_conf.o
LOAD ./W25Rxx/w25rxx.o
LOAD ./gsm_v5-master/atc.o
LOAD ./gsm_v5-master/call.o
LOAD ./gsm_v5-master/fs.o
LOAD ./gsm_v5-master/gprs.o
LOAD ./gsm_v5-master/gsm.o
LOAD ./gsm_v5-master/gsmCallback.o
LOAD ./gsm_v5-master/msg.o
START GROUP
LOAD /Applications/STM32CubeIDE.app/Contents/Eclipse/plugins/com.st.stm32cube.ide.mcu.externaltools.gnu-tools-for-stm32.10.3-2021.10.macos64_1.0.0.202111181127/tools/bin/../lib/gcc/arm-none-eabi/10.3.1/../../../../arm-none-eabi/lib/thumb/v7e-m+fp/hard/libc_nano.a
LOAD /Applications/STM32CubeIDE.app/Contents/Eclipse/plugins/com.st.stm32cube.ide.mcu.externaltools.gnu-tools-for-stm32.10.3-2021.10.macos64_1.0.0.202111181127/tools/bin/../lib/gcc/arm-none-eabi/10.3.1/../../../../arm-none-eabi/lib/thumb/v7e-m+fp/hard/libm.a
END GROUP
START GROUP
LOAD /Applications/STM32CubeIDE.app/Contents/Eclipse/plugins/com.st.stm32cube.ide.mcu.externaltools.gnu-tools-for-stm32.10.3-2021.10.macos64_1.0.0.202111181127/tools/bin/../lib/gcc/arm-none-eabi/10.3.1/thumb/v7e-m+fp/hard/libgcc.a
LOAD /Applications/STM32CubeIDE.app/Contents/Eclipse/plugins/com.st.stm32cube.ide.mcu.externaltools.gnu-tools-for-stm32.10.3-2021.10.macos64_1.0.0.202111181127/tools/bin/../lib/gcc/arm-none-eabi/10.3.1/../../../../arm-none-eabi/lib/thumb/v7e-m+fp/hard/libc_nano.a
END GROUP
START GROUP
LOAD /Applications/STM32CubeIDE.app/Contents/Eclipse/plugins/com.st.stm32cube.ide.mcu.externaltools.gnu-tools-for-stm32.10.3-2021.10.macos64_1.0.0.202111181127/tools/bin/../lib/gcc/arm-none-eabi/10.3.1/thumb/v7e-m+fp/hard/libgcc.a
LOAD /Applications/STM32CubeIDE.app/Contents/Eclipse/plugins/com.st.stm32cube.ide.mcu.externaltools.gnu-tools-for-stm32.10.3-2021.10.macos64_1.0.0.202111181127/tools/bin/../lib/gcc/arm-none-eabi/10.3.1/../../../../arm-none-eabi/lib/thumb/v7e-m+fp/hard/libc_nano.a
LOAD /Applications/STM32CubeIDE.app/Contents/Eclipse/plugins/com.st.stm32cube.ide.mcu.externaltools.gnu-tools-for-stm32.10.3-2021.10.macos64_1.0.0.202111181127/tools/bin/../lib/gcc/arm-none-eabi/10.3.1/../../../../arm-none-eabi/lib/thumb/v7e-m+fp/hard/libnosys.a
END GROUP
START GROUP
LOAD /Applications/STM32CubeIDE.app/Contents/Eclipse/plugins/com.st.stm32cube.ide.mcu.externaltools.gnu-tools-for-stm32.10.3-2021.10.macos64_1.0.0.202111181127/tools/bin/../lib/gcc/arm-none-eabi/10.3.1/thumb/v7e-m+fp/hard/libgcc.a
LOAD /Applications/STM32CubeIDE.app/Contents/Eclipse/plugins/com.st.stm32cube.ide.mcu.externaltools.gnu-tools-for-stm32.10.3-2021.10.macos64_1.0.0.202111181127/tools/bin/../lib/gcc/arm-none-eabi/10.3.1/../../../../arm-none-eabi/lib/thumb/v7e-m+fp/hard/libc_nano.a
LOAD /Applications/STM32CubeIDE.app/Contents/Eclipse/plugins/com.st.stm32cube.ide.mcu.externaltools.gnu-tools-for-stm32.10.3-2021.10.macos64_1.0.0.202111181127/tools/bin/../lib/gcc/arm-none-eabi/10.3.1/../../../../arm-none-eabi/lib/thumb/v7e-m+fp/hard/libnosys.a
END GROUP
LOAD /Applications/STM32CubeIDE.app/Contents/Eclipse/plugins/com.st.stm32cube.ide.mcu.externaltools.gnu-tools-for-stm32.10.3-2021.10.macos64_1.0.0.202111181127/tools/bin/../lib/gcc/arm-none-eabi/10.3.1/thumb/v7e-m+fp/hard/crtend.o
LOAD /Applications/STM32CubeIDE.app/Contents/Eclipse/plugins/com.st.stm32cube.ide.mcu.externaltools.gnu-tools-for-stm32.10.3-2021.10.macos64_1.0.0.202111181127/tools/bin/../lib/gcc/arm-none-eabi/10.3.1/thumb/v7e-m+fp/hard/crtn.o
                0x0000000020020000                _estack = (ORIGIN (RAM) + LENGTH (RAM))
                0x0000000000000200                _Min_Heap_Size = 0x200
                0x0000000000000400                _Min_Stack_Size = 0x400

.isr_vector     0x0000000008000000      0x198
                0x0000000008000000                . = ALIGN (0x4)
 *(.isr_vector)
 .isr_vector    0x0000000008000000      0x198 ./Core/Startup/startup_stm32f411ceux.o
                0x0000000008000000                g_pfnVectors
                0x0000000008000198                . = ALIGN (0x4)

.text           0x00000000080001a0     0x8bf0
                0x00000000080001a0                . = ALIGN (0x4)
 *(.text)
 .text          0x00000000080001a0       0x40 /Applications/STM32CubeIDE.app/Contents/Eclipse/plugins/com.st.stm32cube.ide.mcu.externaltools.gnu-tools-for-stm32.10.3-2021.10.macos64_1.0.0.202111181127/tools/bin/../lib/gcc/arm-none-eabi/10.3.1/thumb/v7e-m+fp/hard/crtbegin.o
 .text          0x00000000080001e0       0x10 /Applications/STM32CubeIDE.app/Contents/Eclipse/plugins/com.st.stm32cube.ide.mcu.externaltools.gnu-tools-for-stm32.10.3-2021.10.macos64_1.0.0.202111181127/tools/bin/../lib/gcc/arm-none-eabi/10.3.1/../../../../arm-none-eabi/lib/thumb/v7e-m+fp/hard/libc_nano.a(lib_a-strlen.o)
                0x00000000080001e0                strlen
 .text          0x00000000080001f0       0xa0 /Applications/STM32CubeIDE.app/Contents/Eclipse/plugins/com.st.stm32cube.ide.mcu.externaltools.gnu-tools-for-stm32.10.3-2021.10.macos64_1.0.0.202111181127/tools/bin/../lib/gcc/arm-none-eabi/10.3.1/../../../../arm-none-eabi/lib/thumb/v7e-m+fp/hard/libc_nano.a(lib_a-memchr.o)
                0x00000000080001f0                memchr
 .text          0x0000000008000290       0x30 /Applications/STM32CubeIDE.app/Contents/Eclipse/plugins/com.st.stm32cube.ide.mcu.externaltools.gnu-tools-for-stm32.10.3-2021.10.macos64_1.0.0.202111181127/tools/bin/../lib/gcc/arm-none-eabi/10.3.1/thumb/v7e-m+fp/hard/libgcc.a(_aeabi_uldivmod.o)
                0x0000000008000290                __aeabi_uldivmod
 .text          0x00000000080002c0      0x2d0 /Applications/STM32CubeIDE.app/Contents/Eclipse/plugins/com.st.stm32cube.ide.mcu.externaltools.gnu-tools-for-stm32.10.3-2021.10.macos64_1.0.0.202111181127/tools/bin/../lib/gcc/arm-none-eabi/10.3.1/thumb/v7e-m+fp/hard/libgcc.a(_udivmoddi4.o)
                0x00000000080002c0                __udivmoddi4
 .text          0x0000000008000590        0x4 /Applications/STM32CubeIDE.app/Contents/Eclipse/plugins/com.st.stm32cube.ide.mcu.externaltools.gnu-tools-for-stm32.10.3-2021.10.macos64_1.0.0.202111181127/tools/bin/../lib/gcc/arm-none-eabi/10.3.1/thumb/v7e-m+fp/hard/libgcc.a(_dvmd_tls.o)
                0x0000000008000590                __aeabi_ldiv0
                0x0000000008000590                __aeabi_idiv0
 *(.text*)
 .text.MX_CRC_Init
                0x0000000008000594       0x20 ./Core/Src/crc.o
                0x0000000008000594                MX_CRC_Init
 .text.HAL_CRC_MspInit
                0x00000000080005b4       0x30 ./Core/Src/crc.o
                0x00000000080005b4                HAL_CRC_MspInit
 .text.MX_DMA_Init
                0x00000000080005e4       0x34 ./Core/Src/dma.o
                0x00000000080005e4                MX_DMA_Init
 .text.MX_GPIO_Init
                0x0000000008000618       0xbc ./Core/Src/gpio.o
                0x0000000008000618                MX_GPIO_Init
 .text.__NVIC_SystemReset
                0x00000000080006d4       0x24 ./Core/Src/main.o
 .text._write   0x00000000080006f8       0x10 ./Core/Src/main.o
                0x00000000080006f8                _write
 .text.CheckForMW
                0x0000000008000708       0x30 ./Core/Src/main.o
                0x0000000008000708                CheckForMW
 .text.GotoApp  0x0000000008000738       0x54 ./Core/Src/main.o
                0x0000000008000738                GotoApp
 .text.WriteBootSection
                0x000000000800078c       0xa0 ./Core/Src/main.o
                0x000000000800078c                WriteBootSection
 .text.getFlag  0x000000000800082c       0x12 ./Core/Src/main.o
                0x000000000800082c                getFlag
 *fill*         0x000000000800083e        0x2 
 .text.WriteLog
                0x0000000008000840      0x104 ./Core/Src/main.o
                0x0000000008000840                WriteLog
 .text.ODIN_Diags
                0x0000000008000944       0xc4 ./Core/Src/main.o
                0x0000000008000944                ODIN_Diags
 .text.isAppPresent
                0x0000000008000a08       0x80 ./Core/Src/main.o
                0x0000000008000a08                isAppPresent
 .text.ODIN_Err
                0x0000000008000a88       0x30 ./Core/Src/main.o
                0x0000000008000a88                ODIN_Err
 .text.ODIN_SOS
                0x0000000008000ab8       0x90 ./Core/Src/main.o
                0x0000000008000ab8                ODIN_SOS
 .text.setFlag  0x0000000008000b48       0x34 ./Core/Src/main.o
                0x0000000008000b48                setFlag
 .text.CertsUpdate
                0x0000000008000b7c      0x128 ./Core/Src/main.o
                0x0000000008000b7c                CertsUpdate
 .text.FactoryReset
                0x0000000008000ca4       0x54 ./Core/Src/main.o
                0x0000000008000ca4                FactoryReset
 .text.Error_Handler
                0x0000000008000cf8        0xc ./Core/Src/main.o
                0x0000000008000cf8                Error_Handler
 .text.SystemClock_Config
                0x0000000008000d04       0x9c ./Core/Src/main.o
                0x0000000008000d04                SystemClock_Config
 .text.Flash_Verify
                0x0000000008000da0      0x158 ./Core/Src/main.o
                0x0000000008000da0                Flash_Verify
 .text.ODIN_Recovery
                0x0000000008000ef8       0x78 ./Core/Src/main.o
                0x0000000008000ef8                ODIN_Recovery
 .text.ODIN_OTA
                0x0000000008000f70      0x10c ./Core/Src/main.o
                0x0000000008000f70                ODIN_OTA
 .text.startup.main
                0x000000000800107c       0xd4 ./Core/Src/main.o
                0x000000000800107c                main
 .text.MX_SPI1_Init
                0x0000000008001150       0x44 ./Core/Src/spi.o
                0x0000000008001150                MX_SPI1_Init
 .text.HAL_SPI_MspInit
                0x0000000008001194       0x6c ./Core/Src/spi.o
                0x0000000008001194                HAL_SPI_MspInit
 .text.HAL_MspInit
                0x0000000008001200       0x38 ./Core/Src/stm32f4xx_hal_msp.o
                0x0000000008001200                HAL_MspInit
 .text.NMI_Handler
                0x0000000008001238        0x2 ./Core/Src/stm32f4xx_it.o
                0x0000000008001238                NMI_Handler
 .text.HardFault_Handler
                0x000000000800123a        0x2 ./Core/Src/stm32f4xx_it.o
                0x000000000800123a                HardFault_Handler
 .text.MemManage_Handler
                0x000000000800123c        0x2 ./Core/Src/stm32f4xx_it.o
                0x000000000800123c                MemManage_Handler
 .text.BusFault_Handler
                0x000000000800123e        0x2 ./Core/Src/stm32f4xx_it.o
                0x000000000800123e                BusFault_Handler
 .text.UsageFault_Handler
                0x0000000008001240        0x2 ./Core/Src/stm32f4xx_it.o
                0x0000000008001240                UsageFault_Handler
 .text.SVC_Handler
                0x0000000008001242        0x2 ./Core/Src/stm32f4xx_it.o
                0x0000000008001242                SVC_Handler
 .text.DebugMon_Handler
                0x0000000008001244        0x2 ./Core/Src/stm32f4xx_it.o
                0x0000000008001244                DebugMon_Handler
 .text.PendSV_Handler
                0x0000000008001246        0x2 ./Core/Src/stm32f4xx_it.o
                0x0000000008001246                PendSV_Handler
 .text.SysTick_Handler
                0x0000000008001248        0x4 ./Core/Src/stm32f4xx_it.o
                0x0000000008001248                SysTick_Handler
 .text.USART1_IRQHandler
                0x000000000800124c        0x2 ./Core/Src/stm32f4xx_it.o
                0x000000000800124c                USART1_IRQHandler
 *fill*         0x000000000800124e        0x2 
 .text.DMA2_Stream1_IRQHandler
                0x0000000008001250        0xc ./Core/Src/stm32f4xx_it.o
                0x0000000008001250                DMA2_Stream1_IRQHandler
 .text.OTG_FS_IRQHandler
                0x000000000800125c        0xc ./Core/Src/stm32f4xx_it.o
                0x000000000800125c                OTG_FS_IRQHandler
 .text._getpid  0x0000000008001268        0x4 ./Core/Src/syscalls.o
                0x0000000008001268                _getpid
 .text._kill    0x000000000800126c       0x10 ./Core/Src/syscalls.o
                0x000000000800126c                _kill
 .text._exit    0x000000000800127c        0xc ./Core/Src/syscalls.o
                0x000000000800127c                _exit
 .text._read    0x0000000008001288       0x1c ./Core/Src/syscalls.o
                0x0000000008001288                _read
 .text._close   0x00000000080012a4        0x6 ./Core/Src/syscalls.o
                0x00000000080012a4                _close
 .text._fstat   0x00000000080012aa        0xa ./Core/Src/syscalls.o
                0x00000000080012aa                _fstat
 .text._isatty  0x00000000080012b4        0x4 ./Core/Src/syscalls.o
                0x00000000080012b4                _isatty
 .text._lseek   0x00000000080012b8        0x4 ./Core/Src/syscalls.o
                0x00000000080012b8                _lseek
 .text._sbrk    0x00000000080012bc       0x40 ./Core/Src/sysmem.o
                0x00000000080012bc                _sbrk
 .text.SystemInit
                0x00000000080012fc       0x14 ./Core/Src/system_stm32f4xx.o
                0x00000000080012fc                SystemInit
 .text.HAL_TIM_PWM_MspInit
                0x0000000008001310       0x78 ./Core/Src/tim.o
                0x0000000008001310                HAL_TIM_PWM_MspInit
 .text.HAL_TIM_MspPostInit
                0x0000000008001388       0x58 ./Core/Src/tim.o
                0x0000000008001388                HAL_TIM_MspPostInit
 .text.MX_TIM1_Init
                0x00000000080013e0       0xa4 ./Core/Src/tim.o
                0x00000000080013e0                MX_TIM1_Init
 .text.MX_USART1_UART_Init
                0x0000000008001484       0xb4 ./Core/Src/usart.o
                0x0000000008001484                MX_USART1_UART_Init
 .text.Reset_Handler
                0x0000000008001538       0x50 ./Core/Startup/startup_stm32f411ceux.o
                0x0000000008001538                Reset_Handler
 .text.Default_Handler
                0x0000000008001588        0x2 ./Core/Startup/startup_stm32f411ceux.o
                0x0000000008001588                DMA1_Stream3_IRQHandler
                0x0000000008001588                EXTI2_IRQHandler
                0x0000000008001588                SPI4_IRQHandler
                0x0000000008001588                TIM1_CC_IRQHandler
                0x0000000008001588                DMA2_Stream5_IRQHandler
                0x0000000008001588                DMA1_Stream5_IRQHandler
                0x0000000008001588                PVD_IRQHandler
                0x0000000008001588                SDIO_IRQHandler
                0x0000000008001588                TAMP_STAMP_IRQHandler
                0x0000000008001588                EXTI3_IRQHandler
                0x0000000008001588                TIM1_UP_TIM10_IRQHandler
                0x0000000008001588                I2C3_ER_IRQHandler
                0x0000000008001588                EXTI0_IRQHandler
                0x0000000008001588                I2C2_EV_IRQHandler
                0x0000000008001588                DMA1_Stream2_IRQHandler
                0x0000000008001588                FPU_IRQHandler
                0x0000000008001588                DMA2_Stream2_IRQHandler
                0x0000000008001588                SPI1_IRQHandler
                0x0000000008001588                TIM1_BRK_TIM9_IRQHandler
                0x0000000008001588                DMA2_Stream3_IRQHandler
                0x0000000008001588                USART6_IRQHandler
                0x0000000008001588                DMA2_Stream0_IRQHandler
                0x0000000008001588                TIM4_IRQHandler
                0x0000000008001588                I2C1_EV_IRQHandler
                0x0000000008001588                DMA1_Stream6_IRQHandler
                0x0000000008001588                DMA1_Stream1_IRQHandler
                0x0000000008001588                TIM3_IRQHandler
                0x0000000008001588                RCC_IRQHandler
                0x0000000008001588                Default_Handler
                0x0000000008001588                EXTI15_10_IRQHandler
                0x0000000008001588                ADC_IRQHandler
                0x0000000008001588                DMA1_Stream7_IRQHandler
                0x0000000008001588                SPI5_IRQHandler
                0x0000000008001588                TIM5_IRQHandler
                0x0000000008001588                DMA2_Stream7_IRQHandler
                0x0000000008001588                I2C3_EV_IRQHandler
                0x0000000008001588                EXTI9_5_IRQHandler
                0x0000000008001588                RTC_WKUP_IRQHandler
                0x0000000008001588                SPI2_IRQHandler
                0x0000000008001588                DMA1_Stream0_IRQHandler
                0x0000000008001588                EXTI4_IRQHandler
                0x0000000008001588                WWDG_IRQHandler
                0x0000000008001588                TIM2_IRQHandler
                0x0000000008001588                OTG_FS_WKUP_IRQHandler
                0x0000000008001588                TIM1_TRG_COM_TIM11_IRQHandler
                0x0000000008001588                EXTI1_IRQHandler
                0x0000000008001588                USART2_IRQHandler
                0x0000000008001588                I2C2_ER_IRQHandler
                0x0000000008001588                FLASH_IRQHandler
                0x0000000008001588                DMA2_Stream4_IRQHandler
                0x0000000008001588                SPI3_IRQHandler
                0x0000000008001588                DMA1_Stream4_IRQHandler
                0x0000000008001588                I2C1_ER_IRQHandler
                0x0000000008001588                DMA2_Stream6_IRQHandler
                0x0000000008001588                RTC_Alarm_IRQHandler
 .text.stm32_lock_acquire
                0x000000000800158a       0x2c ./Core/ThreadSafe/newlib_lock_glue.o
 .text.stm32_lock_release
                0x00000000080015b6       0x1e ./Core/ThreadSafe/newlib_lock_glue.o
 .text.__retarget_lock_init_recursive
                0x00000000080015d4       0x28 ./Core/ThreadSafe/newlib_lock_glue.o
                0x00000000080015d4                __retarget_lock_init_recursive
 .text.__retarget_lock_acquire
                0x00000000080015fc       0x14 ./Core/ThreadSafe/newlib_lock_glue.o
                0x00000000080015fc                __retarget_lock_acquire
 .text.__retarget_lock_acquire_recursive
                0x0000000008001610        0x4 ./Core/ThreadSafe/newlib_lock_glue.o
                0x0000000008001610                __retarget_lock_acquire_recursive
 .text.__retarget_lock_release
                0x0000000008001614       0x14 ./Core/ThreadSafe/newlib_lock_glue.o
                0x0000000008001614                __retarget_lock_release
 .text.__retarget_lock_release_recursive
                0x0000000008001628        0x4 ./Core/ThreadSafe/newlib_lock_glue.o
                0x0000000008001628                __retarget_lock_release_recursive
 .text.HAL_MspDeInit
                0x000000000800162c        0x2 ./Drivers/STM32F4xx_HAL_Driver/Src/stm32f4xx_hal.o
                0x000000000800162c                HAL_MspDeInit
 *fill*         0x000000000800162e        0x2 
 .text.HAL_DeInit
                0x0000000008001630       0x2c ./Drivers/STM32F4xx_HAL_Driver/Src/stm32f4xx_hal.o
                0x0000000008001630                HAL_DeInit
 .text.HAL_InitTick
                0x000000000800165c       0x48 ./Drivers/STM32F4xx_HAL_Driver/Src/stm32f4xx_hal.o
                0x000000000800165c                HAL_InitTick
 .text.HAL_Init
                0x00000000080016a4       0x34 ./Drivers/STM32F4xx_HAL_Driver/Src/stm32f4xx_hal.o
                0x00000000080016a4                HAL_Init
 .text.HAL_IncTick
                0x00000000080016d8       0x18 ./Drivers/STM32F4xx_HAL_Driver/Src/stm32f4xx_hal.o
                0x00000000080016d8                HAL_IncTick
 .text.HAL_GetTick
                0x00000000080016f0        0xc ./Drivers/STM32F4xx_HAL_Driver/Src/stm32f4xx_hal.o
                0x00000000080016f0                HAL_GetTick
 .text.HAL_Delay
                0x00000000080016fc       0x28 ./Drivers/STM32F4xx_HAL_Driver/Src/stm32f4xx_hal.o
                0x00000000080016fc                HAL_Delay
 .text.HAL_NVIC_SetPriorityGrouping
                0x0000000008001724       0x24 ./Drivers/STM32F4xx_HAL_Driver/Src/stm32f4xx_hal_cortex.o
                0x0000000008001724                HAL_NVIC_SetPriorityGrouping
 .text.HAL_NVIC_SetPriority
                0x0000000008001748       0x64 ./Drivers/STM32F4xx_HAL_Driver/Src/stm32f4xx_hal_cortex.o
                0x0000000008001748                HAL_NVIC_SetPriority
 .text.HAL_NVIC_EnableIRQ
                0x00000000080017ac       0x1c ./Drivers/STM32F4xx_HAL_Driver/Src/stm32f4xx_hal_cortex.o
                0x00000000080017ac                HAL_NVIC_EnableIRQ
 .text.HAL_SYSTICK_Config
                0x00000000080017c8       0x28 ./Drivers/STM32F4xx_HAL_Driver/Src/stm32f4xx_hal_cortex.o
                0x00000000080017c8                HAL_SYSTICK_Config
 .text.HAL_CRC_Init
                0x00000000080017f0       0x20 ./Drivers/STM32F4xx_HAL_Driver/Src/stm32f4xx_hal_crc.o
                0x00000000080017f0                HAL_CRC_Init
 .text.HAL_CRC_Calculate
                0x0000000008001810       0x2a ./Drivers/STM32F4xx_HAL_Driver/Src/stm32f4xx_hal_crc.o
                0x0000000008001810                HAL_CRC_Calculate
 *fill*         0x000000000800183a        0x2 
 .text.DMA_CalcBaseAndBitshift
                0x000000000800183c       0x2c ./Drivers/STM32F4xx_HAL_Driver/Src/stm32f4xx_hal_dma.o
 .text.HAL_DMA_Init
                0x0000000008001868      0x100 ./Drivers/STM32F4xx_HAL_Driver/Src/stm32f4xx_hal_dma.o
                0x0000000008001868                HAL_DMA_Init
 .text.HAL_DMA_IRQHandler
                0x0000000008001968      0x17c ./Drivers/STM32F4xx_HAL_Driver/Src/stm32f4xx_hal_dma.o
                0x0000000008001968                HAL_DMA_IRQHandler
 .text.FLASH_Program_DoubleWord
                0x0000000008001ae4       0x2c ./Drivers/STM32F4xx_HAL_Driver/Src/stm32f4xx_hal_flash.o
 .text.FLASH_Program_Word
                0x0000000008001b10       0x24 ./Drivers/STM32F4xx_HAL_Driver/Src/stm32f4xx_hal_flash.o
 .text.FLASH_Program_HalfWord
                0x0000000008001b34       0x24 ./Drivers/STM32F4xx_HAL_Driver/Src/stm32f4xx_hal_flash.o
 .text.FLASH_SetErrorCode
                0x0000000008001b58       0x8c ./Drivers/STM32F4xx_HAL_Driver/Src/stm32f4xx_hal_flash.o
 .text.HAL_FLASH_Unlock
                0x0000000008001be4       0x24 ./Drivers/STM32F4xx_HAL_Driver/Src/stm32f4xx_hal_flash.o
                0x0000000008001be4                HAL_FLASH_Unlock
 .text.HAL_FLASH_Lock
                0x0000000008001c08       0x14 ./Drivers/STM32F4xx_HAL_Driver/Src/stm32f4xx_hal_flash.o
                0x0000000008001c08                HAL_FLASH_Lock
 .text.HAL_FLASH_GetError
                0x0000000008001c1c        0xc ./Drivers/STM32F4xx_HAL_Driver/Src/stm32f4xx_hal_flash.o
                0x0000000008001c1c                HAL_FLASH_GetError
 .text.FLASH_WaitForLastOperation
                0x0000000008001c28       0x50 ./Drivers/STM32F4xx_HAL_Driver/Src/stm32f4xx_hal_flash.o
                0x0000000008001c28                FLASH_WaitForLastOperation
 .text.HAL_FLASH_Program
                0x0000000008001c78       0x8c ./Drivers/STM32F4xx_HAL_Driver/Src/stm32f4xx_hal_flash.o
                0x0000000008001c78                HAL_FLASH_Program
 .text.FLASH_Erase_Sector
                0x0000000008001d04       0x4c ./Drivers/STM32F4xx_HAL_Driver/Src/stm32f4xx_hal_flash_ex.o
                0x0000000008001d04                FLASH_Erase_Sector
 .text.HAL_GPIO_Init
                0x0000000008001d50      0x190 ./Drivers/STM32F4xx_HAL_Driver/Src/stm32f4xx_hal_gpio.o
                0x0000000008001d50                HAL_GPIO_Init
 .text.HAL_GPIO_WritePin
                0x0000000008001ee0        0xa ./Drivers/STM32F4xx_HAL_Driver/Src/stm32f4xx_hal_gpio.o
                0x0000000008001ee0                HAL_GPIO_WritePin
 .text.HAL_PCD_Init
                0x0000000008001eea      0x10a ./Drivers/STM32F4xx_HAL_Driver/Src/stm32f4xx_hal_pcd.o
                0x0000000008001eea                HAL_PCD_Init
 .text.HAL_PCD_Start
                0x0000000008001ff4       0x3e ./Drivers/STM32F4xx_HAL_Driver/Src/stm32f4xx_hal_pcd.o
                0x0000000008001ff4                HAL_PCD_Start
 .text.HAL_PCD_SetAddress
                0x0000000008002032       0x28 ./Drivers/STM32F4xx_HAL_Driver/Src/stm32f4xx_hal_pcd.o
                0x0000000008002032                HAL_PCD_SetAddress
 .text.HAL_PCD_EP_Open
                0x000000000800205a       0x70 ./Drivers/STM32F4xx_HAL_Driver/Src/stm32f4xx_hal_pcd.o
                0x000000000800205a                HAL_PCD_EP_Open
 .text.HAL_PCD_EP_Close
                0x00000000080020ca       0x5e ./Drivers/STM32F4xx_HAL_Driver/Src/stm32f4xx_hal_pcd.o
                0x00000000080020ca                HAL_PCD_EP_Close
 .text.HAL_PCD_EP_Receive
                0x0000000008002128       0x48 ./Drivers/STM32F4xx_HAL_Driver/Src/stm32f4xx_hal_pcd.o
                0x0000000008002128                HAL_PCD_EP_Receive
 .text.HAL_PCD_EP_GetRxCount
                0x0000000008002170       0x10 ./Drivers/STM32F4xx_HAL_Driver/Src/stm32f4xx_hal_pcd.o
                0x0000000008002170                HAL_PCD_EP_GetRxCount
 .text.HAL_PCD_EP_Transmit
                0x0000000008002180       0x40 ./Drivers/STM32F4xx_HAL_Driver/Src/stm32f4xx_hal_pcd.o
                0x0000000008002180                HAL_PCD_EP_Transmit
 .text.HAL_PCD_EP_SetStall
                0x00000000080021c0       0x70 ./Drivers/STM32F4xx_HAL_Driver/Src/stm32f4xx_hal_pcd.o
                0x00000000080021c0                HAL_PCD_EP_SetStall
 .text.HAL_PCD_EP_ClrStall
                0x0000000008002230       0x6c ./Drivers/STM32F4xx_HAL_Driver/Src/stm32f4xx_hal_pcd.o
                0x0000000008002230                HAL_PCD_EP_ClrStall
 .text.HAL_PCD_EP_Abort
                0x000000000800229c       0x20 ./Drivers/STM32F4xx_HAL_Driver/Src/stm32f4xx_hal_pcd.o
                0x000000000800229c                HAL_PCD_EP_Abort
 .text.HAL_PCD_IRQHandler
                0x00000000080022bc      0x68c ./Drivers/STM32F4xx_HAL_Driver/Src/stm32f4xx_hal_pcd.o
                0x00000000080022bc                HAL_PCD_IRQHandler
 .text.HAL_PCDEx_SetTxFiFo
                0x0000000008002948       0x40 ./Drivers/STM32F4xx_HAL_Driver/Src/stm32f4xx_hal_pcd_ex.o
                0x0000000008002948                HAL_PCDEx_SetTxFiFo
 .text.HAL_PCDEx_SetRxFiFo
                0x0000000008002988        0x8 ./Drivers/STM32F4xx_HAL_Driver/Src/stm32f4xx_hal_pcd_ex.o
                0x0000000008002988                HAL_PCDEx_SetRxFiFo
 .text.HAL_PCDEx_LPM_Callback
                0x0000000008002990        0x2 ./Drivers/STM32F4xx_HAL_Driver/Src/stm32f4xx_hal_pcd_ex.o
                0x0000000008002990                HAL_PCDEx_LPM_Callback
 *fill*         0x0000000008002992        0x2 
 .text.HAL_RCC_OscConfig
                0x0000000008002994      0x360 ./Drivers/STM32F4xx_HAL_Driver/Src/stm32f4xx_hal_rcc.o
                0x0000000008002994                HAL_RCC_OscConfig
 .text.HAL_RCC_GetSysClockFreq
                0x0000000008002cf4       0x5c ./Drivers/STM32F4xx_HAL_Driver/Src/stm32f4xx_hal_rcc.o
                0x0000000008002cf4                HAL_RCC_GetSysClockFreq
 .text.HAL_RCC_ClockConfig
                0x0000000008002d50      0x138 ./Drivers/STM32F4xx_HAL_Driver/Src/stm32f4xx_hal_rcc.o
                0x0000000008002d50                HAL_RCC_ClockConfig
 .text.HAL_RCC_GetHCLKFreq
                0x0000000008002e88        0xc ./Drivers/STM32F4xx_HAL_Driver/Src/stm32f4xx_hal_rcc.o
                0x0000000008002e88                HAL_RCC_GetHCLKFreq
 .text.SPI_WaitFlagStateUntilTimeout.constprop.0
                0x0000000008002e94       0xa8 ./Drivers/STM32F4xx_HAL_Driver/Src/stm32f4xx_hal_spi.o
 .text.SPI_EndRxTransaction
                0x0000000008002f3c       0x54 ./Drivers/STM32F4xx_HAL_Driver/Src/stm32f4xx_hal_spi.o
 .text.SPI_EndRxTxTransaction
                0x0000000008002f90       0x58 ./Drivers/STM32F4xx_HAL_Driver/Src/stm32f4xx_hal_spi.o
 .text.HAL_SPI_Init
                0x0000000008002fe8       0xb8 ./Drivers/STM32F4xx_HAL_Driver/Src/stm32f4xx_hal_spi.o
                0x0000000008002fe8                HAL_SPI_Init
 .text.HAL_SPI_Transmit
                0x00000000080030a0      0x15c ./Drivers/STM32F4xx_HAL_Driver/Src/stm32f4xx_hal_spi.o
                0x00000000080030a0                HAL_SPI_Transmit
 .text.HAL_SPI_TransmitReceive
                0x00000000080031fc      0x1e8 ./Drivers/STM32F4xx_HAL_Driver/Src/stm32f4xx_hal_spi.o
                0x00000000080031fc                HAL_SPI_TransmitReceive
 .text.HAL_SPI_Receive
                0x00000000080033e4      0x148 ./Drivers/STM32F4xx_HAL_Driver/Src/stm32f4xx_hal_spi.o
                0x00000000080033e4                HAL_SPI_Receive
 .text.TIM_OC1_SetConfig
                0x000000000800352c       0x50 ./Drivers/STM32F4xx_HAL_Driver/Src/stm32f4xx_hal_tim.o
 .text.TIM_OC3_SetConfig
                0x000000000800357c       0x54 ./Drivers/STM32F4xx_HAL_Driver/Src/stm32f4xx_hal_tim.o
 .text.TIM_OC4_SetConfig
                0x00000000080035d0       0x44 ./Drivers/STM32F4xx_HAL_Driver/Src/stm32f4xx_hal_tim.o
 .text.TIM_Base_SetConfig
                0x0000000008003614       0x9c ./Drivers/STM32F4xx_HAL_Driver/Src/stm32f4xx_hal_tim.o
                0x0000000008003614                TIM_Base_SetConfig
 .text.HAL_TIM_PWM_Init
                0x00000000080036b0       0x58 ./Drivers/STM32F4xx_HAL_Driver/Src/stm32f4xx_hal_tim.o
                0x00000000080036b0                HAL_TIM_PWM_Init
 .text.TIM_OC2_SetConfig
                0x0000000008003708       0x58 ./Drivers/STM32F4xx_HAL_Driver/Src/stm32f4xx_hal_tim.o
                0x0000000008003708                TIM_OC2_SetConfig
 .text.HAL_TIM_PWM_ConfigChannel
                0x0000000008003760       0xb8 ./Drivers/STM32F4xx_HAL_Driver/Src/stm32f4xx_hal_tim.o
                0x0000000008003760                HAL_TIM_PWM_ConfigChannel
 .text.HAL_TIMEx_MasterConfigSynchronization
                0x0000000008003818       0x6c ./Drivers/STM32F4xx_HAL_Driver/Src/stm32f4xx_hal_tim_ex.o
                0x0000000008003818                HAL_TIMEx_MasterConfigSynchronization
 .text.HAL_TIMEx_ConfigBreakDeadTime
                0x0000000008003884       0x4c ./Drivers/STM32F4xx_HAL_Driver/Src/stm32f4xx_hal_tim_ex.o
                0x0000000008003884                HAL_TIMEx_ConfigBreakDeadTime
 .text.LL_GPIO_Init
                0x00000000080038d0      0x13c ./Drivers/STM32F4xx_HAL_Driver/Src/stm32f4xx_ll_gpio.o
                0x00000000080038d0                LL_GPIO_Init
 .text.RCC_GetHCLKClockFreq
                0x0000000008003a0c       0x18 ./Drivers/STM32F4xx_HAL_Driver/Src/stm32f4xx_ll_rcc.o
                0x0000000008003a0c                RCC_GetHCLKClockFreq
 .text.RCC_GetPCLK1ClockFreq
                0x0000000008003a24       0x18 ./Drivers/STM32F4xx_HAL_Driver/Src/stm32f4xx_ll_rcc.o
                0x0000000008003a24                RCC_GetPCLK1ClockFreq
 .text.RCC_GetPCLK2ClockFreq
                0x0000000008003a3c       0x18 ./Drivers/STM32F4xx_HAL_Driver/Src/stm32f4xx_ll_rcc.o
                0x0000000008003a3c                RCC_GetPCLK2ClockFreq
 .text.RCC_PLL_GetFreqDomain_SYS
                0x0000000008003a54       0x48 ./Drivers/STM32F4xx_HAL_Driver/Src/stm32f4xx_ll_rcc.o
                0x0000000008003a54                RCC_PLL_GetFreqDomain_SYS
 .text.RCC_GetSystemClockFreq
                0x0000000008003a9c       0x28 ./Drivers/STM32F4xx_HAL_Driver/Src/stm32f4xx_ll_rcc.o
                0x0000000008003a9c                RCC_GetSystemClockFreq
 .text.LL_RCC_GetSystemClocksFreq
                0x0000000008003ac4       0x20 ./Drivers/STM32F4xx_HAL_Driver/Src/stm32f4xx_ll_rcc.o
                0x0000000008003ac4                LL_RCC_GetSystemClocksFreq
 .text.LL_USART_Init
                0x0000000008003ae4       0xe4 ./Drivers/STM32F4xx_HAL_Driver/Src/stm32f4xx_ll_usart.o
                0x0000000008003ae4                LL_USART_Init
 .text.USB_CoreReset
                0x0000000008003bc8       0x4c ./Drivers/STM32F4xx_HAL_Driver/Src/stm32f4xx_ll_usb.o
 .text.USB_CoreInit
                0x0000000008003c14       0x80 ./Drivers/STM32F4xx_HAL_Driver/Src/stm32f4xx_ll_usb.o
                0x0000000008003c14                USB_CoreInit
 .text.USB_SetTurnaroundTime
                0x0000000008003c94       0xe0 ./Drivers/STM32F4xx_HAL_Driver/Src/stm32f4xx_ll_usb.o
                0x0000000008003c94                USB_SetTurnaroundTime
 .text.USB_EnableGlobalInt
                0x0000000008003d74        0xc ./Drivers/STM32F4xx_HAL_Driver/Src/stm32f4xx_ll_usb.o
                0x0000000008003d74                USB_EnableGlobalInt
 .text.USB_DisableGlobalInt
                0x0000000008003d80        0xc ./Drivers/STM32F4xx_HAL_Driver/Src/stm32f4xx_ll_usb.o
                0x0000000008003d80                USB_DisableGlobalInt
 .text.USB_SetCurrentMode
                0x0000000008003d8c       0x60 ./Drivers/STM32F4xx_HAL_Driver/Src/stm32f4xx_ll_usb.o
                0x0000000008003d8c                USB_SetCurrentMode
 .text.USB_FlushTxFifo
                0x0000000008003dec       0x4c ./Drivers/STM32F4xx_HAL_Driver/Src/stm32f4xx_ll_usb.o
                0x0000000008003dec                USB_FlushTxFifo
 .text.USB_FlushRxFifo
                0x0000000008003e38       0x48 ./Drivers/STM32F4xx_HAL_Driver/Src/stm32f4xx_ll_usb.o
                0x0000000008003e38                USB_FlushRxFifo
 .text.USB_SetDevSpeed
                0x0000000008003e80        0xe ./Drivers/STM32F4xx_HAL_Driver/Src/stm32f4xx_ll_usb.o
                0x0000000008003e80                USB_SetDevSpeed
 *fill*         0x0000000008003e8e        0x2 
 .text.USB_DevInit
                0x0000000008003e90      0x170 ./Drivers/STM32F4xx_HAL_Driver/Src/stm32f4xx_ll_usb.o
                0x0000000008003e90                USB_DevInit
 .text.USB_GetDevSpeed
                0x0000000008004000       0x16 ./Drivers/STM32F4xx_HAL_Driver/Src/stm32f4xx_ll_usb.o
                0x0000000008004000                USB_GetDevSpeed
 .text.USB_ActivateEndpoint
                0x0000000008004016       0x7c ./Drivers/STM32F4xx_HAL_Driver/Src/stm32f4xx_ll_usb.o
                0x0000000008004016                USB_ActivateEndpoint
 *fill*         0x0000000008004092        0x2 
 .text.USB_DeactivateEndpoint
                0x0000000008004094       0xac ./Drivers/STM32F4xx_HAL_Driver/Src/stm32f4xx_ll_usb.o
                0x0000000008004094                USB_DeactivateEndpoint
 .text.USB_EP0StartXfer
                0x0000000008004140       0xf8 ./Drivers/STM32F4xx_HAL_Driver/Src/stm32f4xx_ll_usb.o
                0x0000000008004140                USB_EP0StartXfer
 .text.USB_EPStopXfer
                0x0000000008004238       0x84 ./Drivers/STM32F4xx_HAL_Driver/Src/stm32f4xx_ll_usb.o
                0x0000000008004238                USB_EPStopXfer
 .text.USB_WritePacket
                0x00000000080042bc       0x26 ./Drivers/STM32F4xx_HAL_Driver/Src/stm32f4xx_ll_usb.o
                0x00000000080042bc                USB_WritePacket
 *fill*         0x00000000080042e2        0x2 
 .text.USB_EPStartXfer
                0x00000000080042e4      0x1d8 ./Drivers/STM32F4xx_HAL_Driver/Src/stm32f4xx_ll_usb.o
                0x00000000080042e4                USB_EPStartXfer
 .text.USB_ReadPacket
                0x00000000080044bc       0x40 ./Drivers/STM32F4xx_HAL_Driver/Src/stm32f4xx_ll_usb.o
                0x00000000080044bc                USB_ReadPacket
 .text.USB_EPSetStall
                0x00000000080044fc       0x56 ./Drivers/STM32F4xx_HAL_Driver/Src/stm32f4xx_ll_usb.o
                0x00000000080044fc                USB_EPSetStall
 .text.USB_EPClearStall
                0x0000000008004552       0x52 ./Drivers/STM32F4xx_HAL_Driver/Src/stm32f4xx_ll_usb.o
                0x0000000008004552                USB_EPClearStall
 .text.USB_SetDevAddress
                0x00000000080045a4       0x20 ./Drivers/STM32F4xx_HAL_Driver/Src/stm32f4xx_ll_usb.o
                0x00000000080045a4                USB_SetDevAddress
 .text.USB_DevConnect
                0x00000000080045c4       0x1c ./Drivers/STM32F4xx_HAL_Driver/Src/stm32f4xx_ll_usb.o
                0x00000000080045c4                USB_DevConnect
 .text.USB_DevDisconnect
                0x00000000080045e0       0x1c ./Drivers/STM32F4xx_HAL_Driver/Src/stm32f4xx_ll_usb.o
                0x00000000080045e0                USB_DevDisconnect
 .text.USB_ReadInterrupts
                0x00000000080045fc        0x8 ./Drivers/STM32F4xx_HAL_Driver/Src/stm32f4xx_ll_usb.o
                0x00000000080045fc                USB_ReadInterrupts
 .text.USB_ReadDevAllOutEpInterrupt
                0x0000000008004604       0x10 ./Drivers/STM32F4xx_HAL_Driver/Src/stm32f4xx_ll_usb.o
                0x0000000008004604                USB_ReadDevAllOutEpInterrupt
 .text.USB_ReadDevAllInEpInterrupt
                0x0000000008004614       0x10 ./Drivers/STM32F4xx_HAL_Driver/Src/stm32f4xx_ll_usb.o
                0x0000000008004614                USB_ReadDevAllInEpInterrupt
 .text.USB_ReadDevOutEPInterrupt
                0x0000000008004624       0x12 ./Drivers/STM32F4xx_HAL_Driver/Src/stm32f4xx_ll_usb.o
                0x0000000008004624                USB_ReadDevOutEPInterrupt
 .text.USB_ReadDevInEPInterrupt
                0x0000000008004636       0x24 ./Drivers/STM32F4xx_HAL_Driver/Src/stm32f4xx_ll_usb.o
                0x0000000008004636                USB_ReadDevInEPInterrupt
 .text.USB_GetMode
                0x000000000800465a        0x8 ./Drivers/STM32F4xx_HAL_Driver/Src/stm32f4xx_ll_usb.o
                0x000000000800465a                USB_GetMode
 .text.USB_ActivateSetup
                0x0000000008004662       0x20 ./Drivers/STM32F4xx_HAL_Driver/Src/stm32f4xx_ll_usb.o
                0x0000000008004662                USB_ActivateSetup
 *fill*         0x0000000008004682        0x2 
 .text.USB_EP0_OutStart
                0x0000000008004684       0x4c ./Drivers/STM32F4xx_HAL_Driver/Src/stm32f4xx_ll_usb.o
                0x0000000008004684                USB_EP0_OutStart
 .text.USBD_CDC_EP0_RxReady
                0x00000000080046d0       0x36 ./Middlewares/ST/STM32_USB_Device_Library/Class/CDC/Src/usbd_cdc.o
 *fill*         0x0000000008004706        0x2 
 .text.USBD_CDC_GetDeviceQualifierDescriptor
                0x0000000008004708        0xc ./Middlewares/ST/STM32_USB_Device_Library/Class/CDC/Src/usbd_cdc.o
                0x0000000008004708                USBD_CDC_GetDeviceQualifierDescriptor
 .text.USBD_CDC_GetFSCfgDesc
                0x0000000008004714       0x48 ./Middlewares/ST/STM32_USB_Device_Library/Class/CDC/Src/usbd_cdc.o
 .text.USBD_CDC_GetOtherSpeedCfgDesc
                0x000000000800475c        0x4 ./Middlewares/ST/STM32_USB_Device_Library/Class/CDC/Src/usbd_cdc.o
 .text.USBD_CDC_GetHSCfgDesc
                0x0000000008004760       0x48 ./Middlewares/ST/STM32_USB_Device_Library/Class/CDC/Src/usbd_cdc.o
 .text.USBD_CDC_DataOut
                0x00000000080047a8       0x38 ./Middlewares/ST/STM32_USB_Device_Library/Class/CDC/Src/usbd_cdc.o
 .text.USBD_CDC_DataIn
                0x00000000080047e0       0x68 ./Middlewares/ST/STM32_USB_Device_Library/Class/CDC/Src/usbd_cdc.o
 .text.USBD_CDC_Setup
                0x0000000008004848      0x108 ./Middlewares/ST/STM32_USB_Device_Library/Class/CDC/Src/usbd_cdc.o
 .text.USBD_CDC_DeInit
                0x0000000008004950       0x5a ./Middlewares/ST/STM32_USB_Device_Library/Class/CDC/Src/usbd_cdc.o
 .text.USBD_CDC_Init
                0x00000000080049aa       0xd2 ./Middlewares/ST/STM32_USB_Device_Library/Class/CDC/Src/usbd_cdc.o
 .text.USBD_CDC_RegisterInterface
                0x0000000008004a7c       0x16 ./Middlewares/ST/STM32_USB_Device_Library/Class/CDC/Src/usbd_cdc.o
                0x0000000008004a7c                USBD_CDC_RegisterInterface
 .text.USBD_CDC_SetTxBuffer
                0x0000000008004a92       0x1c ./Middlewares/ST/STM32_USB_Device_Library/Class/CDC/Src/usbd_cdc.o
                0x0000000008004a92                USBD_CDC_SetTxBuffer
 .text.USBD_CDC_SetRxBuffer
                0x0000000008004aae       0x18 ./Middlewares/ST/STM32_USB_Device_Library/Class/CDC/Src/usbd_cdc.o
                0x0000000008004aae                USBD_CDC_SetRxBuffer
 .text.USBD_CDC_TransmitPacket
                0x0000000008004ac6       0x36 ./Middlewares/ST/STM32_USB_Device_Library/Class/CDC/Src/usbd_cdc.o
                0x0000000008004ac6                USBD_CDC_TransmitPacket
 .text.USBD_CDC_ReceivePacket
                0x0000000008004afc       0x34 ./Middlewares/ST/STM32_USB_Device_Library/Class/CDC/Src/usbd_cdc.o
                0x0000000008004afc                USBD_CDC_ReceivePacket
 .text.USBD_Init
                0x0000000008004b30       0x26 ./Middlewares/ST/STM32_USB_Device_Library/Core/Src/usbd_core.o
                0x0000000008004b30                USBD_Init
 .text.USBD_RegisterClass
                0x0000000008004b56       0x32 ./Middlewares/ST/STM32_USB_Device_Library/Core/Src/usbd_core.o
                0x0000000008004b56                USBD_RegisterClass
 .text.USBD_Start
                0x0000000008004b88        0x4 ./Middlewares/ST/STM32_USB_Device_Library/Core/Src/usbd_core.o
                0x0000000008004b88                USBD_Start
 .text.USBD_SetClassConfig
                0x0000000008004b8c        0xe ./Middlewares/ST/STM32_USB_Device_Library/Core/Src/usbd_core.o
                0x0000000008004b8c                USBD_SetClassConfig
 .text.USBD_ClrClassConfig
                0x0000000008004b9a       0x12 ./Middlewares/ST/STM32_USB_Device_Library/Core/Src/usbd_core.o
                0x0000000008004b9a                USBD_ClrClassConfig
 .text.USBD_LL_SetupStage
                0x0000000008004bac       0x60 ./Middlewares/ST/STM32_USB_Device_Library/Core/Src/usbd_core.o
                0x0000000008004bac                USBD_LL_SetupStage
 .text.USBD_LL_DataOutStage
                0x0000000008004c0c       0x6a ./Middlewares/ST/STM32_USB_Device_Library/Core/Src/usbd_core.o
                0x0000000008004c0c                USBD_LL_DataOutStage
 .text.USBD_LL_DataInStage
                0x0000000008004c76       0xae ./Middlewares/ST/STM32_USB_Device_Library/Core/Src/usbd_core.o
                0x0000000008004c76                USBD_LL_DataInStage
 .text.USBD_LL_Reset
                0x0000000008004d24       0x5e ./Middlewares/ST/STM32_USB_Device_Library/Core/Src/usbd_core.o
                0x0000000008004d24                USBD_LL_Reset
 .text.USBD_LL_SetSpeed
                0x0000000008004d82        0x6 ./Middlewares/ST/STM32_USB_Device_Library/Core/Src/usbd_core.o
                0x0000000008004d82                USBD_LL_SetSpeed
 .text.USBD_LL_Suspend
                0x0000000008004d88       0x14 ./Middlewares/ST/STM32_USB_Device_Library/Core/Src/usbd_core.o
                0x0000000008004d88                USBD_LL_Suspend
 .text.USBD_LL_Resume
                0x0000000008004d9c       0x16 ./Middlewares/ST/STM32_USB_Device_Library/Core/Src/usbd_core.o
                0x0000000008004d9c                USBD_LL_Resume
 .text.USBD_LL_SOF
                0x0000000008004db2       0x1a ./Middlewares/ST/STM32_USB_Device_Library/Core/Src/usbd_core.o
                0x0000000008004db2                USBD_LL_SOF
 .text.USBD_LL_IsoINIncomplete
                0x0000000008004dcc       0x28 ./Middlewares/ST/STM32_USB_Device_Library/Core/Src/usbd_core.o
                0x0000000008004dcc                USBD_LL_IsoINIncomplete
 .text.USBD_LL_IsoOUTIncomplete
                0x0000000008004df4       0x28 ./Middlewares/ST/STM32_USB_Device_Library/Core/Src/usbd_core.o
                0x0000000008004df4                USBD_LL_IsoOUTIncomplete
 .text.USBD_LL_DevConnected
                0x0000000008004e1c        0x4 ./Middlewares/ST/STM32_USB_Device_Library/Core/Src/usbd_core.o
                0x0000000008004e1c                USBD_LL_DevConnected
 .text.USBD_LL_DevDisconnected
                0x0000000008004e20       0x20 ./Middlewares/ST/STM32_USB_Device_Library/Core/Src/usbd_core.o
                0x0000000008004e20                USBD_LL_DevDisconnected
 .text.USBD_CoreFindIF
                0x0000000008004e40        0x4 ./Middlewares/ST/STM32_USB_Device_Library/Core/Src/usbd_core.o
                0x0000000008004e40                USBD_CoreFindIF
 .text.USBD_CoreFindEP
                0x0000000008004e44        0x4 ./Middlewares/ST/STM32_USB_Device_Library/Core/Src/usbd_core.o
                0x0000000008004e44                USBD_CoreFindEP
 .text.USBD_GetEpDesc
                0x0000000008004e48       0x24 ./Middlewares/ST/STM32_USB_Device_Library/Core/Src/usbd_core.o
                0x0000000008004e48                USBD_GetEpDesc
 .text.USBD_CtlError.constprop.0
                0x0000000008004e6c       0x16 ./Middlewares/ST/STM32_USB_Device_Library/Core/Src/usbd_ctlreq.o
 *fill*         0x0000000008004e82        0x2 
 .text.USBD_StdDevReq
                0x0000000008004e84      0x2ac ./Middlewares/ST/STM32_USB_Device_Library/Core/Src/usbd_ctlreq.o
                0x0000000008004e84                USBD_StdDevReq
 .text.USBD_StdItfReq
                0x0000000008005130       0x5e ./Middlewares/ST/STM32_USB_Device_Library/Core/Src/usbd_ctlreq.o
                0x0000000008005130                USBD_StdItfReq
 .text.USBD_StdEPReq
                0x000000000800518e      0x13c ./Middlewares/ST/STM32_USB_Device_Library/Core/Src/usbd_ctlreq.o
                0x000000000800518e                USBD_StdEPReq
 .text.USBD_ParseSetupRequest
                0x00000000080052ca       0x16 ./Middlewares/ST/STM32_USB_Device_Library/Core/Src/usbd_ctlreq.o
                0x00000000080052ca                USBD_ParseSetupRequest
 .text.USBD_CtlError
                0x00000000080052e0       0x16 ./Middlewares/ST/STM32_USB_Device_Library/Core/Src/usbd_ctlreq.o
                0x00000000080052e0                USBD_CtlError
 .text.USBD_GetString
                0x00000000080052f6       0x38 ./Middlewares/ST/STM32_USB_Device_Library/Core/Src/usbd_ctlreq.o
                0x00000000080052f6                USBD_GetString
 .text.USBD_CtlSendData
                0x000000000800532e       0x1a ./Middlewares/ST/STM32_USB_Device_Library/Core/Src/usbd_ioreq.o
                0x000000000800532e                USBD_CtlSendData
 .text.USBD_CtlContinueSendData
                0x0000000008005348       0x10 ./Middlewares/ST/STM32_USB_Device_Library/Core/Src/usbd_ioreq.o
                0x0000000008005348                USBD_CtlContinueSendData
 .text.USBD_CtlPrepareRx
                0x0000000008005358       0x1a ./Middlewares/ST/STM32_USB_Device_Library/Core/Src/usbd_ioreq.o
                0x0000000008005358                USBD_CtlPrepareRx
 .text.USBD_CtlContinueRx
                0x0000000008005372       0x10 ./Middlewares/ST/STM32_USB_Device_Library/Core/Src/usbd_ioreq.o
                0x0000000008005372                USBD_CtlContinueRx
 .text.USBD_CtlSendStatus
                0x0000000008005382       0x16 ./Middlewares/ST/STM32_USB_Device_Library/Core/Src/usbd_ioreq.o
                0x0000000008005382                USBD_CtlSendStatus
 .text.USBD_CtlReceiveStatus
                0x0000000008005398       0x16 ./Middlewares/ST/STM32_USB_Device_Library/Core/Src/usbd_ioreq.o
                0x0000000008005398                USBD_CtlReceiveStatus
 *fill*         0x00000000080053ae        0x2 
 .text.MX_USB_DEVICE_Init
                0x00000000080053b0       0x50 ./USB_DEVICE/App/usb_device.o
                0x00000000080053b0                MX_USB_DEVICE_Init
 .text.CDC_DeInit_FS
                0x0000000008005400        0x4 ./USB_DEVICE/App/usbd_cdc_if.o
 .text.CDC_Control_FS
                0x0000000008005404        0x4 ./USB_DEVICE/App/usbd_cdc_if.o
 .text.CDC_TransmitCplt_FS
                0x0000000008005408        0x4 ./USB_DEVICE/App/usbd_cdc_if.o
 .text.CDC_Receive_FS
                0x000000000800540c       0x1c ./USB_DEVICE/App/usbd_cdc_if.o
 .text.CDC_Init_FS
                0x0000000008005428       0x28 ./USB_DEVICE/App/usbd_cdc_if.o
 .text.CDC_Transmit_FS
                0x0000000008005450       0x2c ./USB_DEVICE/App/usbd_cdc_if.o
                0x0000000008005450                CDC_Transmit_FS
 .text.USBD_FS_DeviceDescriptor
                0x000000000800547c        0xc ./USB_DEVICE/App/usbd_desc.o
                0x000000000800547c                USBD_FS_DeviceDescriptor
 .text.USBD_FS_LangIDStrDescriptor
                0x0000000008005488        0xc ./USB_DEVICE/App/usbd_desc.o
                0x0000000008005488                USBD_FS_LangIDStrDescriptor
 .text.IntToUnicode
                0x0000000008005494       0x2a ./USB_DEVICE/App/usbd_desc.o
 *fill*         0x00000000080054be        0x2 
 .text.USBD_FS_SerialStrDescriptor
                0x00000000080054c0       0x3c ./USB_DEVICE/App/usbd_desc.o
                0x00000000080054c0                USBD_FS_SerialStrDescriptor
 .text.USBD_FS_ManufacturerStrDescriptor
                0x00000000080054fc       0x1c ./USB_DEVICE/App/usbd_desc.o
                0x00000000080054fc                USBD_FS_ManufacturerStrDescriptor
 .text.USBD_FS_ProductStrDescriptor
                0x0000000008005518       0x1c ./USB_DEVICE/App/usbd_desc.o
                0x0000000008005518                USBD_FS_ProductStrDescriptor
 .text.USBD_FS_ConfigStrDescriptor
                0x0000000008005534       0x1c ./USB_DEVICE/App/usbd_desc.o
                0x0000000008005534                USBD_FS_ConfigStrDescriptor
 .text.USBD_FS_InterfaceStrDescriptor
                0x0000000008005550       0x1c ./USB_DEVICE/App/usbd_desc.o
                0x0000000008005550                USBD_FS_InterfaceStrDescriptor
 .text.HAL_PCD_MspInit
                0x000000000800556c       0x84 ./USB_DEVICE/Target/usbd_conf.o
                0x000000000800556c                HAL_PCD_MspInit
 .text.HAL_PCD_SetupStageCallback
                0x00000000080055f0        0xc ./USB_DEVICE/Target/usbd_conf.o
                0x00000000080055f0                HAL_PCD_SetupStageCallback
 .text.HAL_PCD_DataOutStageCallback
                0x00000000080055fc       0x12 ./USB_DEVICE/Target/usbd_conf.o
                0x00000000080055fc                HAL_PCD_DataOutStageCallback
 .text.HAL_PCD_DataInStageCallback
                0x000000000800560e       0x10 ./USB_DEVICE/Target/usbd_conf.o
                0x000000000800560e                HAL_PCD_DataInStageCallback
 .text.HAL_PCD_SOFCallback
                0x000000000800561e        0x8 ./USB_DEVICE/Target/usbd_conf.o
                0x000000000800561e                HAL_PCD_SOFCallback
 .text.HAL_PCD_ResetCallback
                0x0000000008005626       0x24 ./USB_DEVICE/Target/usbd_conf.o
                0x0000000008005626                HAL_PCD_ResetCallback
 *fill*         0x000000000800564a        0x2 
 .text.HAL_PCD_SuspendCallback
                0x000000000800564c       0x30 ./USB_DEVICE/Target/usbd_conf.o
                0x000000000800564c                HAL_PCD_SuspendCallback
 .text.HAL_PCD_ResumeCallback
                0x000000000800567c        0x8 ./USB_DEVICE/Target/usbd_conf.o
                0x000000000800567c                HAL_PCD_ResumeCallback
 .text.HAL_PCD_ISOOUTIncompleteCallback
                0x0000000008005684        0x8 ./USB_DEVICE/Target/usbd_conf.o
                0x0000000008005684                HAL_PCD_ISOOUTIncompleteCallback
 .text.HAL_PCD_ISOINIncompleteCallback
                0x000000000800568c        0x8 ./USB_DEVICE/Target/usbd_conf.o
                0x000000000800568c                HAL_PCD_ISOINIncompleteCallback
 .text.HAL_PCD_ConnectCallback
                0x0000000008005694        0x8 ./USB_DEVICE/Target/usbd_conf.o
                0x0000000008005694                HAL_PCD_ConnectCallback
 .text.HAL_PCD_DisconnectCallback
                0x000000000800569c        0x8 ./USB_DEVICE/Target/usbd_conf.o
                0x000000000800569c                HAL_PCD_DisconnectCallback
 .text.USBD_LL_Init
                0x00000000080056a4       0x5c ./USB_DEVICE/Target/usbd_conf.o
                0x00000000080056a4                USBD_LL_Init
 .text.USBD_LL_IsStallEP
                0x0000000008005700       0x26 ./USB_DEVICE/Target/usbd_conf.o
                0x0000000008005700                USBD_LL_IsStallEP
 .text.USBD_LL_GetRxDataSize
                0x0000000008005726        0x8 ./USB_DEVICE/Target/usbd_conf.o
                0x0000000008005726                USBD_LL_GetRxDataSize
 *fill*         0x000000000800572e        0x2 
 .text.USBD_static_malloc
                0x0000000008005730        0x8 ./USB_DEVICE/Target/usbd_conf.o
                0x0000000008005730                USBD_static_malloc
 .text.USBD_static_free
                0x0000000008005738        0x2 ./USB_DEVICE/Target/usbd_conf.o
                0x0000000008005738                USBD_static_free
 *fill*         0x000000000800573a        0x2 
 .text.USBD_Get_USB_Status
                0x000000000800573c       0x10 ./USB_DEVICE/Target/usbd_conf.o
                0x000000000800573c                USBD_Get_USB_Status
 .text.USBD_LL_Start
                0x000000000800574c       0x12 ./USB_DEVICE/Target/usbd_conf.o
                0x000000000800574c                USBD_LL_Start
 .text.USBD_LL_OpenEP
                0x000000000800575e       0x18 ./USB_DEVICE/Target/usbd_conf.o
                0x000000000800575e                USBD_LL_OpenEP
 .text.USBD_LL_CloseEP
                0x0000000008005776       0x12 ./USB_DEVICE/Target/usbd_conf.o
                0x0000000008005776                USBD_LL_CloseEP
 .text.USBD_LL_StallEP
                0x0000000008005788       0x12 ./USB_DEVICE/Target/usbd_conf.o
                0x0000000008005788                USBD_LL_StallEP
 .text.USBD_LL_ClearStallEP
                0x000000000800579a       0x12 ./USB_DEVICE/Target/usbd_conf.o
                0x000000000800579a                USBD_LL_ClearStallEP
 .text.USBD_LL_SetUSBAddress
                0x00000000080057ac       0x12 ./USB_DEVICE/Target/usbd_conf.o
                0x00000000080057ac                USBD_LL_SetUSBAddress
 .text.USBD_LL_Transmit
                0x00000000080057be       0x12 ./USB_DEVICE/Target/usbd_conf.o
                0x00000000080057be                USBD_LL_Transmit
 .text.USBD_LL_PrepareReceive
                0x00000000080057d0       0x12 ./USB_DEVICE/Target/usbd_conf.o
                0x00000000080057d0                USBD_LL_PrepareReceive
 *fill*         0x00000000080057e2        0x2 
 .text.W25RXX_Spi
                0x00000000080057e4       0x28 ./W25Rxx/w25rxx.o
                0x00000000080057e4                W25RXX_Spi
 .text.W25RXX_ReadID
                0x000000000800580c       0x4c ./W25Rxx/w25rxx.o
                0x000000000800580c                W25RXX_ReadID
 .text.W25RXX_ReadUniqID
                0x0000000008005858       0x58 ./W25Rxx/w25rxx.o
                0x0000000008005858                W25RXX_ReadUniqID
 .text.W25RXX_WriteEnable
                0x00000000080058b0       0x30 ./W25Rxx/w25rxx.o
                0x00000000080058b0                W25RXX_WriteEnable
 .text.W25RXX_ReadStatusRegister
                0x00000000080058e0       0x6c ./W25Rxx/w25rxx.o
                0x00000000080058e0                W25RXX_ReadStatusRegister
 .text.W25RXX_WaitForWriteEnd
                0x000000000800594c       0x4c ./W25Rxx/w25rxx.o
                0x000000000800594c                W25RXX_WaitForWriteEnd
 .text.W25RXX_Init
                0x0000000008005998      0x1c8 ./W25Rxx/w25rxx.o
                0x0000000008005998                W25RXX_Init
 .text.W25RXX_EraseSector
                0x0000000008005b60       0xa8 ./W25Rxx/w25rxx.o
                0x0000000008005b60                W25RXX_EraseSector
 .text.W25RXX_EraseBlock
                0x0000000008005c08       0xb8 ./W25Rxx/w25rxx.o
                0x0000000008005c08                W25RXX_EraseBlock
 .text.W25RXX_SectorToPage
                0x0000000008005cc0       0x14 ./W25Rxx/w25rxx.o
                0x0000000008005cc0                W25RXX_SectorToPage
 .text.W25RXX_WriteByte
                0x0000000008005cd4       0xa8 ./W25Rxx/w25rxx.o
                0x0000000008005cd4                W25RXX_WriteByte
 .text.W25RXX_WritePage
                0x0000000008005d7c      0x120 ./W25Rxx/w25rxx.o
                0x0000000008005d7c                W25RXX_WritePage
 .text.W25RXX_WriteSector
                0x0000000008005e9c       0x98 ./W25Rxx/w25rxx.o
                0x0000000008005e9c                W25RXX_WriteSector
 .text.W25RXX_ReadByte
                0x0000000008005f34       0xa8 ./W25Rxx/w25rxx.o
                0x0000000008005f34                W25RXX_ReadByte
 .text.W25RXX_ReadBytes
                0x0000000008005fdc      0x100 ./W25Rxx/w25rxx.o
                0x0000000008005fdc                W25RXX_ReadBytes
 .text.atc_free
                0x00000000080060dc        0x8 ./gsm_v5-master/atc.o
                0x00000000080060dc                atc_free
 .text.atc_init
                0x00000000080060e4       0x60 ./gsm_v5-master/atc.o
                0x00000000080060e4                atc_init
 .text.atc_lock
                0x0000000008006144       0x3a ./gsm_v5-master/atc.o
                0x0000000008006144                atc_lock
 .text.atc_transmit
                0x000000000800617e       0x38 ./gsm_v5-master/atc.o
                0x000000000800617e                atc_transmit
 .text.atc_search
                0x00000000080061b6       0x2a ./gsm_v5-master/atc.o
                0x00000000080061b6                atc_search
 .text.atc_searchAnswer
                0x00000000080061e0       0x3c ./gsm_v5-master/atc.o
                0x00000000080061e0                atc_searchAnswer
 .text.atc_empty
                0x000000000800621c       0x18 ./gsm_v5-master/atc.o
                0x000000000800621c                atc_empty
 .text.atc_available
                0x0000000008006234       0x1e ./gsm_v5-master/atc.o
                0x0000000008006234                atc_available
 .text.atc_addSearch
                0x0000000008006252       0x50 ./gsm_v5-master/atc.o
                0x0000000008006252                atc_addSearch
 *fill*         0x00000000080062a2        0x2 
 .text.atc_command
                0x00000000080062a4      0x128 ./gsm_v5-master/atc.o
                0x00000000080062a4                atc_command
 .text.gsm_fs_create
                0x00000000080063cc       0x80 ./gsm_v5-master/fs.o
                0x00000000080063cc                gsm_fs_create
 .text.gsm_fs_write
                0x000000000800644c       0xcc ./gsm_v5-master/fs.o
                0x000000000800644c                gsm_fs_write
 .text.gsm_gprs_ntpServer
                0x0000000008006518       0x9c ./gsm_v5-master/gprs.o
                0x0000000008006518                gsm_gprs_ntpServer
 .text.gsm_gprs_ntpSyncTime
                0x00000000080065b4       0x7c ./gsm_v5-master/gprs.o
                0x00000000080065b4                gsm_gprs_ntpSyncTime
 .text.gsm_gprs_ntpGetTime
                0x0000000008006630       0x8c ./gsm_v5-master/gprs.o
                0x0000000008006630                gsm_gprs_ntpGetTime
 .text.gsm_gprs_mqttConnect
                0x00000000080066bc      0x248 ./gsm_v5-master/gprs.o
                0x00000000080066bc                gsm_gprs_mqttConnect
 .text.gsm_gprs_mqttDisConnect
                0x0000000008006904       0x7c ./gsm_v5-master/gprs.o
                0x0000000008006904                gsm_gprs_mqttDisConnect
 .text.gsm_gprs_mqttPublish
                0x0000000008006980       0x9c ./gsm_v5-master/gprs.o
                0x0000000008006980                gsm_gprs_mqttPublish
 .text.gsm_gprs_certs
                0x0000000008006a1c       0xb8 ./gsm_v5-master/gprs.o
                0x0000000008006a1c                gsm_gprs_certs
 .text.gsm_found
                0x0000000008006ad4      0x164 ./gsm_v5-master/gsm.o
                0x0000000008006ad4                gsm_found
 .text.gsm_lock
                0x0000000008006c38       0x30 ./gsm_v5-master/gsm.o
                0x0000000008006c38                gsm_lock
 .text.gsm_unlock
                0x0000000008006c68        0xc ./gsm_v5-master/gsm.o
                0x0000000008006c68                gsm_unlock
 .text.gsm_init
                0x0000000008006c74       0xe0 ./gsm_v5-master/gsm.o
                0x0000000008006c74                gsm_init
 .text.calloc   0x0000000008006d54       0x10 /Applications/STM32CubeIDE.app/Contents/Eclipse/plugins/com.st.stm32cube.ide.mcu.externaltools.gnu-tools-for-stm32.10.3-2021.10.macos64_1.0.0.202111181127/tools/bin/../lib/gcc/arm-none-eabi/10.3.1/../../../../arm-none-eabi/lib/thumb/v7e-m+fp/hard/libc_nano.a(lib_a-calloc.o)
                0x0000000008006d54                calloc
 .text.__errno  0x0000000008006d64        0xc /Applications/STM32CubeIDE.app/Contents/Eclipse/plugins/com.st.stm32cube.ide.mcu.externaltools.gnu-tools-for-stm32.10.3-2021.10.macos64_1.0.0.202111181127/tools/bin/../lib/gcc/arm-none-eabi/10.3.1/../../../../arm-none-eabi/lib/thumb/v7e-m+fp/hard/libc_nano.a(lib_a-errno.o)
                0x0000000008006d64                __errno
 .text.__libc_init_array
                0x0000000008006d70       0x48 /Applications/STM32CubeIDE.app/Contents/Eclipse/plugins/com.st.stm32cube.ide.mcu.externaltools.gnu-tools-for-stm32.10.3-2021.10.macos64_1.0.0.202111181127/tools/bin/../lib/gcc/arm-none-eabi/10.3.1/../../../../arm-none-eabi/lib/thumb/v7e-m+fp/hard/libc_nano.a(lib_a-init.o)
                0x0000000008006d70                __libc_init_array
 .text.malloc   0x0000000008006db8       0x10 /Applications/STM32CubeIDE.app/Contents/Eclipse/plugins/com.st.stm32cube.ide.mcu.externaltools.gnu-tools-for-stm32.10.3-2021.10.macos64_1.0.0.202111181127/tools/bin/../lib/gcc/arm-none-eabi/10.3.1/../../../../arm-none-eabi/lib/thumb/v7e-m+fp/hard/libc_nano.a(lib_a-malloc.o)
                0x0000000008006db8                malloc
 .text.free     0x0000000008006dc8       0x10 /Applications/STM32CubeIDE.app/Contents/Eclipse/plugins/com.st.stm32cube.ide.mcu.externaltools.gnu-tools-for-stm32.10.3-2021.10.macos64_1.0.0.202111181127/tools/bin/../lib/gcc/arm-none-eabi/10.3.1/../../../../arm-none-eabi/lib/thumb/v7e-m+fp/hard/libc_nano.a(lib_a-malloc.o)
                0x0000000008006dc8                free
 .text.memcpy   0x0000000008006dd8       0x1c /Applications/STM32CubeIDE.app/Contents/Eclipse/plugins/com.st.stm32cube.ide.mcu.externaltools.gnu-tools-for-stm32.10.3-2021.10.macos64_1.0.0.202111181127/tools/bin/../lib/gcc/arm-none-eabi/10.3.1/../../../../arm-none-eabi/lib/thumb/v7e-m+fp/hard/libc_nano.a(lib_a-memcpy-stub.o)
                0x0000000008006dd8                memcpy
 .text.memset   0x0000000008006df4       0x10 /Applications/STM32CubeIDE.app/Contents/Eclipse/plugins/com.st.stm32cube.ide.mcu.externaltools.gnu-tools-for-stm32.10.3-2021.10.macos64_1.0.0.202111181127/tools/bin/../lib/gcc/arm-none-eabi/10.3.1/../../../../arm-none-eabi/lib/thumb/v7e-m+fp/hard/libc_nano.a(lib_a-memset.o)
                0x0000000008006df4                memset
 .text._calloc_r
                0x0000000008006e04       0x2c /Applications/STM32CubeIDE.app/Contents/Eclipse/plugins/com.st.stm32cube.ide.mcu.externaltools.gnu-tools-for-stm32.10.3-2021.10.macos64_1.0.0.202111181127/tools/bin/../lib/gcc/arm-none-eabi/10.3.1/../../../../arm-none-eabi/lib/thumb/v7e-m+fp/hard/libc_nano.a(lib_a-nano-callocr.o)
                0x0000000008006e04                _calloc_r
 .text._free_r  0x0000000008006e30       0x98 /Applications/STM32CubeIDE.app/Contents/Eclipse/plugins/com.st.stm32cube.ide.mcu.externaltools.gnu-tools-for-stm32.10.3-2021.10.macos64_1.0.0.202111181127/tools/bin/../lib/gcc/arm-none-eabi/10.3.1/../../../../arm-none-eabi/lib/thumb/v7e-m+fp/hard/libc_nano.a(lib_a-nano-freer.o)
                0x0000000008006e30                _free_r
 .text.sbrk_aligned
                0x0000000008006ec8       0x40 /Applications/STM32CubeIDE.app/Contents/Eclipse/plugins/com.st.stm32cube.ide.mcu.externaltools.gnu-tools-for-stm32.10.3-2021.10.macos64_1.0.0.202111181127/tools/bin/../lib/gcc/arm-none-eabi/10.3.1/../../../../arm-none-eabi/lib/thumb/v7e-m+fp/hard/libc_nano.a(lib_a-nano-mallocr.o)
 .text._malloc_r
                0x0000000008006f08       0xe8 /Applications/STM32CubeIDE.app/Contents/Eclipse/plugins/com.st.stm32cube.ide.mcu.externaltools.gnu-tools-for-stm32.10.3-2021.10.macos64_1.0.0.202111181127/tools/bin/../lib/gcc/arm-none-eabi/10.3.1/../../../../arm-none-eabi/lib/thumb/v7e-m+fp/hard/libc_nano.a(lib_a-nano-mallocr.o)
                0x0000000008006f08                _malloc_r
 .text.printf   0x0000000008006ff0       0x30 /Applications/STM32CubeIDE.app/Contents/Eclipse/plugins/com.st.stm32cube.ide.mcu.externaltools.gnu-tools-for-stm32.10.3-2021.10.macos64_1.0.0.202111181127/tools/bin/../lib/gcc/arm-none-eabi/10.3.1/../../../../arm-none-eabi/lib/thumb/v7e-m+fp/hard/libc_nano.a(lib_a-printf.o)
                0x0000000008006ff0                printf
                0x0000000008006ff0                iprintf
 .text._puts_r  0x0000000008007020       0xdc /Applications/STM32CubeIDE.app/Contents/Eclipse/plugins/com.st.stm32cube.ide.mcu.externaltools.gnu-tools-for-stm32.10.3-2021.10.macos64_1.0.0.202111181127/tools/bin/../lib/gcc/arm-none-eabi/10.3.1/../../../../arm-none-eabi/lib/thumb/v7e-m+fp/hard/libc_nano.a(lib_a-puts.o)
                0x0000000008007020                _puts_r
 .text.puts     0x00000000080070fc       0x10 /Applications/STM32CubeIDE.app/Contents/Eclipse/plugins/com.st.stm32cube.ide.mcu.externaltools.gnu-tools-for-stm32.10.3-2021.10.macos64_1.0.0.202111181127/tools/bin/../lib/gcc/arm-none-eabi/10.3.1/../../../../arm-none-eabi/lib/thumb/v7e-m+fp/hard/libc_nano.a(lib_a-puts.o)
                0x00000000080070fc                puts
 .text._sbrk_r  0x000000000800710c       0x20 /Applications/STM32CubeIDE.app/Contents/Eclipse/plugins/com.st.stm32cube.ide.mcu.externaltools.gnu-tools-for-stm32.10.3-2021.10.macos64_1.0.0.202111181127/tools/bin/../lib/gcc/arm-none-eabi/10.3.1/../../../../arm-none-eabi/lib/thumb/v7e-m+fp/hard/libc_nano.a(lib_a-sbrkr.o)
                0x000000000800710c                _sbrk_r
 .text.sprintf  0x000000000800712c       0x40 /Applications/STM32CubeIDE.app/Contents/Eclipse/plugins/com.st.stm32cube.ide.mcu.externaltools.gnu-tools-for-stm32.10.3-2021.10.macos64_1.0.0.202111181127/tools/bin/../lib/gcc/arm-none-eabi/10.3.1/../../../../arm-none-eabi/lib/thumb/v7e-m+fp/hard/libc_nano.a(lib_a-sprintf.o)
                0x000000000800712c                sprintf
                0x000000000800712c                siprintf
 .text.sscanf   0x000000000800716c       0x58 /Applications/STM32CubeIDE.app/Contents/Eclipse/plugins/com.st.stm32cube.ide.mcu.externaltools.gnu-tools-for-stm32.10.3-2021.10.macos64_1.0.0.202111181127/tools/bin/../lib/gcc/arm-none-eabi/10.3.1/../../../../arm-none-eabi/lib/thumb/v7e-m+fp/hard/libc_nano.a(lib_a-sscanf.o)
                0x000000000800716c                sscanf
                0x000000000800716c                siscanf
 .text.__sread  0x00000000080071c4       0x22 /Applications/STM32CubeIDE.app/Contents/Eclipse/plugins/com.st.stm32cube.ide.mcu.externaltools.gnu-tools-for-stm32.10.3-2021.10.macos64_1.0.0.202111181127/tools/bin/../lib/gcc/arm-none-eabi/10.3.1/../../../../arm-none-eabi/lib/thumb/v7e-m+fp/hard/libc_nano.a(lib_a-stdio.o)
                0x00000000080071c4                __sread
 .text.__seofread
                0x00000000080071e6        0x4 /Applications/STM32CubeIDE.app/Contents/Eclipse/plugins/com.st.stm32cube.ide.mcu.externaltools.gnu-tools-for-stm32.10.3-2021.10.macos64_1.0.0.202111181127/tools/bin/../lib/gcc/arm-none-eabi/10.3.1/../../../../arm-none-eabi/lib/thumb/v7e-m+fp/hard/libc_nano.a(lib_a-stdio.o)
                0x00000000080071e6                __seofread
 .text.__swrite
                0x00000000080071ea       0x38 /Applications/STM32CubeIDE.app/Contents/Eclipse/plugins/com.st.stm32cube.ide.mcu.externaltools.gnu-tools-for-stm32.10.3-2021.10.macos64_1.0.0.202111181127/tools/bin/../lib/gcc/arm-none-eabi/10.3.1/../../../../arm-none-eabi/lib/thumb/v7e-m+fp/hard/libc_nano.a(lib_a-stdio.o)
                0x00000000080071ea                __swrite
 .text.__sseek  0x0000000008007222       0x24 /Applications/STM32CubeIDE.app/Contents/Eclipse/plugins/com.st.stm32cube.ide.mcu.externaltools.gnu-tools-for-stm32.10.3-2021.10.macos64_1.0.0.202111181127/tools/bin/../lib/gcc/arm-none-eabi/10.3.1/../../../../arm-none-eabi/lib/thumb/v7e-m+fp/hard/libc_nano.a(lib_a-stdio.o)
                0x0000000008007222                __sseek
 .text.__sclose
                0x0000000008007246        0x8 /Applications/STM32CubeIDE.app/Contents/Eclipse/plugins/com.st.stm32cube.ide.mcu.externaltools.gnu-tools-for-stm32.10.3-2021.10.macos64_1.0.0.202111181127/tools/bin/../lib/gcc/arm-none-eabi/10.3.1/../../../../arm-none-eabi/lib/thumb/v7e-m+fp/hard/libc_nano.a(lib_a-stdio.o)
                0x0000000008007246                __sclose
 .text.strcat   0x000000000800724e       0x1e /Applications/STM32CubeIDE.app/Contents/Eclipse/plugins/com.st.stm32cube.ide.mcu.externaltools.gnu-tools-for-stm32.10.3-2021.10.macos64_1.0.0.202111181127/tools/bin/../lib/gcc/arm-none-eabi/10.3.1/../../../../arm-none-eabi/lib/thumb/v7e-m+fp/hard/libc_nano.a(lib_a-strcat.o)
                0x000000000800724e                strcat
 .text.strcpy   0x000000000800726c       0x10 /Applications/STM32CubeIDE.app/Contents/Eclipse/plugins/com.st.stm32cube.ide.mcu.externaltools.gnu-tools-for-stm32.10.3-2021.10.macos64_1.0.0.202111181127/tools/bin/../lib/gcc/arm-none-eabi/10.3.1/../../../../arm-none-eabi/lib/thumb/v7e-m+fp/hard/libc_nano.a(lib_a-strcpy.o)
                0x000000000800726c                strcpy
 .text.strncpy  0x000000000800727c       0x26 /Applications/STM32CubeIDE.app/Contents/Eclipse/plugins/com.st.stm32cube.ide.mcu.externaltools.gnu-tools-for-stm32.10.3-2021.10.macos64_1.0.0.202111181127/tools/bin/../lib/gcc/arm-none-eabi/10.3.1/../../../../arm-none-eabi/lib/thumb/v7e-m+fp/hard/libc_nano.a(lib_a-strncpy.o)
                0x000000000800727c                strncpy
 .text.strstr   0x00000000080072a2       0x2c /Applications/STM32CubeIDE.app/Contents/Eclipse/plugins/com.st.stm32cube.ide.mcu.externaltools.gnu-tools-for-stm32.10.3-2021.10.macos64_1.0.0.202111181127/tools/bin/../lib/gcc/arm-none-eabi/10.3.1/../../../../arm-none-eabi/lib/thumb/v7e-m+fp/hard/libc_nano.a(lib_a-strstr.o)
                0x00000000080072a2                strstr
 *fill*         0x00000000080072ce        0x2 
 .text.strtok   0x00000000080072d0       0x68 /Applications/STM32CubeIDE.app/Contents/Eclipse/plugins/com.st.stm32cube.ide.mcu.externaltools.gnu-tools-for-stm32.10.3-2021.10.macos64_1.0.0.202111181127/tools/bin/../lib/gcc/arm-none-eabi/10.3.1/../../../../arm-none-eabi/lib/thumb/v7e-m+fp/hard/libc_nano.a(lib_a-strtok.o)
                0x00000000080072d0                strtok
 .text.__strtok_r
                0x0000000008007338       0x50 /Applications/STM32CubeIDE.app/Contents/Eclipse/plugins/com.st.stm32cube.ide.mcu.externaltools.gnu-tools-for-stm32.10.3-2021.10.macos64_1.0.0.202111181127/tools/bin/../lib/gcc/arm-none-eabi/10.3.1/../../../../arm-none-eabi/lib/thumb/v7e-m+fp/hard/libc_nano.a(lib_a-strtok_r.o)
                0x0000000008007338                __strtok_r
 .text._strtol_l.constprop.0
                0x0000000008007388      0x104 /Applications/STM32CubeIDE.app/Contents/Eclipse/plugins/com.st.stm32cube.ide.mcu.externaltools.gnu-tools-for-stm32.10.3-2021.10.macos64_1.0.0.202111181127/tools/bin/../lib/gcc/arm-none-eabi/10.3.1/../../../../arm-none-eabi/lib/thumb/v7e-m+fp/hard/libc_nano.a(lib_a-strtol.o)
 .text._strtol_r
                0x000000000800748c        0x4 /Applications/STM32CubeIDE.app/Contents/Eclipse/plugins/com.st.stm32cube.ide.mcu.externaltools.gnu-tools-for-stm32.10.3-2021.10.macos64_1.0.0.202111181127/tools/bin/../lib/gcc/arm-none-eabi/10.3.1/../../../../arm-none-eabi/lib/thumb/v7e-m+fp/hard/libc_nano.a(lib_a-strtol.o)
                0x000000000800748c                _strtol_r
 .text.__swbuf_r
                0x0000000008007490       0xa4 /Applications/STM32CubeIDE.app/Contents/Eclipse/plugins/com.st.stm32cube.ide.mcu.externaltools.gnu-tools-for-stm32.10.3-2021.10.macos64_1.0.0.202111181127/tools/bin/../lib/gcc/arm-none-eabi/10.3.1/../../../../arm-none-eabi/lib/thumb/v7e-m+fp/hard/libc_nano.a(lib_a-wbuf.o)
                0x0000000008007490                __swbuf_r
 .text._write_r
                0x0000000008007534       0x24 /Applications/STM32CubeIDE.app/Contents/Eclipse/plugins/com.st.stm32cube.ide.mcu.externaltools.gnu-tools-for-stm32.10.3-2021.10.macos64_1.0.0.202111181127/tools/bin/../lib/gcc/arm-none-eabi/10.3.1/../../../../arm-none-eabi/lib/thumb/v7e-m+fp/hard/libc_nano.a(lib_a-writer.o)
                0x0000000008007534                _write_r
 .text.__swsetup_r
                0x0000000008007558       0xdc /Applications/STM32CubeIDE.app/Contents/Eclipse/plugins/com.st.stm32cube.ide.mcu.externaltools.gnu-tools-for-stm32.10.3-2021.10.macos64_1.0.0.202111181127/tools/bin/../lib/gcc/arm-none-eabi/10.3.1/../../../../arm-none-eabi/lib/thumb/v7e-m+fp/hard/libc_nano.a(lib_a-wsetup.o)
                0x0000000008007558                __swsetup_r
 .text.__assert_func
                0x0000000008007634       0x3c /Applications/STM32CubeIDE.app/Contents/Eclipse/plugins/com.st.stm32cube.ide.mcu.externaltools.gnu-tools-for-stm32.10.3-2021.10.macos64_1.0.0.202111181127/tools/bin/../lib/gcc/arm-none-eabi/10.3.1/../../../../arm-none-eabi/lib/thumb/v7e-m+fp/hard/libc_nano.a(lib_a-assert.o)
                0x0000000008007634                __assert_func
 .text._close_r
                0x0000000008007670       0x20 /Applications/STM32CubeIDE.app/Contents/Eclipse/plugins/com.st.stm32cube.ide.mcu.externaltools.gnu-tools-for-stm32.10.3-2021.10.macos64_1.0.0.202111181127/tools/bin/../lib/gcc/arm-none-eabi/10.3.1/../../../../arm-none-eabi/lib/thumb/v7e-m+fp/hard/libc_nano.a(lib_a-closer.o)
                0x0000000008007670                _close_r
 .text.__sflush_r
                0x0000000008007690      0x10c /Applications/STM32CubeIDE.app/Contents/Eclipse/plugins/com.st.stm32cube.ide.mcu.externaltools.gnu-tools-for-stm32.10.3-2021.10.macos64_1.0.0.202111181127/tools/bin/../lib/gcc/arm-none-eabi/10.3.1/../../../../arm-none-eabi/lib/thumb/v7e-m+fp/hard/libc_nano.a(lib_a-fflush.o)
                0x0000000008007690                __sflush_r
 .text._fflush_r
                0x000000000800779c       0x78 /Applications/STM32CubeIDE.app/Contents/Eclipse/plugins/com.st.stm32cube.ide.mcu.externaltools.gnu-tools-for-stm32.10.3-2021.10.macos64_1.0.0.202111181127/tools/bin/../lib/gcc/arm-none-eabi/10.3.1/../../../../arm-none-eabi/lib/thumb/v7e-m+fp/hard/libc_nano.a(lib_a-fflush.o)
                0x000000000800779c                _fflush_r
 .text.std      0x0000000008007814       0x48 /Applications/STM32CubeIDE.app/Contents/Eclipse/plugins/com.st.stm32cube.ide.mcu.externaltools.gnu-tools-for-stm32.10.3-2021.10.macos64_1.0.0.202111181127/tools/bin/../lib/gcc/arm-none-eabi/10.3.1/../../../../arm-none-eabi/lib/thumb/v7e-m+fp/hard/libc_nano.a(lib_a-findfp.o)
 .text._cleanup_r
                0x000000000800785c        0xc /Applications/STM32CubeIDE.app/Contents/Eclipse/plugins/com.st.stm32cube.ide.mcu.externaltools.gnu-tools-for-stm32.10.3-2021.10.macos64_1.0.0.202111181127/tools/bin/../lib/gcc/arm-none-eabi/10.3.1/../../../../arm-none-eabi/lib/thumb/v7e-m+fp/hard/libc_nano.a(lib_a-findfp.o)
                0x000000000800785c                _cleanup_r
 .text.__sfmoreglue
                0x0000000008007868       0x2c /Applications/STM32CubeIDE.app/Contents/Eclipse/plugins/com.st.stm32cube.ide.mcu.externaltools.gnu-tools-for-stm32.10.3-2021.10.macos64_1.0.0.202111181127/tools/bin/../lib/gcc/arm-none-eabi/10.3.1/../../../../arm-none-eabi/lib/thumb/v7e-m+fp/hard/libc_nano.a(lib_a-findfp.o)
                0x0000000008007868                __sfmoreglue
 .text.__sfp_lock_acquire
                0x0000000008007894        0xc /Applications/STM32CubeIDE.app/Contents/Eclipse/plugins/com.st.stm32cube.ide.mcu.externaltools.gnu-tools-for-stm32.10.3-2021.10.macos64_1.0.0.202111181127/tools/bin/../lib/gcc/arm-none-eabi/10.3.1/../../../../arm-none-eabi/lib/thumb/v7e-m+fp/hard/libc_nano.a(lib_a-findfp.o)
                0x0000000008007894                __sfp_lock_acquire
 .text.__sfp_lock_release
                0x00000000080078a0        0xc /Applications/STM32CubeIDE.app/Contents/Eclipse/plugins/com.st.stm32cube.ide.mcu.externaltools.gnu-tools-for-stm32.10.3-2021.10.macos64_1.0.0.202111181127/tools/bin/../lib/gcc/arm-none-eabi/10.3.1/../../../../arm-none-eabi/lib/thumb/v7e-m+fp/hard/libc_nano.a(lib_a-findfp.o)
                0x00000000080078a0                __sfp_lock_release
 .text.__sinit_lock_acquire
                0x00000000080078ac        0xc /Applications/STM32CubeIDE.app/Contents/Eclipse/plugins/com.st.stm32cube.ide.mcu.externaltools.gnu-tools-for-stm32.10.3-2021.10.macos64_1.0.0.202111181127/tools/bin/../lib/gcc/arm-none-eabi/10.3.1/../../../../arm-none-eabi/lib/thumb/v7e-m+fp/hard/libc_nano.a(lib_a-findfp.o)
                0x00000000080078ac                __sinit_lock_acquire
 .text.__sinit_lock_release
                0x00000000080078b8        0xc /Applications/STM32CubeIDE.app/Contents/Eclipse/plugins/com.st.stm32cube.ide.mcu.externaltools.gnu-tools-for-stm32.10.3-2021.10.macos64_1.0.0.202111181127/tools/bin/../lib/gcc/arm-none-eabi/10.3.1/../../../../arm-none-eabi/lib/thumb/v7e-m+fp/hard/libc_nano.a(lib_a-findfp.o)
                0x00000000080078b8                __sinit_lock_release
 .text.__sinit  0x00000000080078c4       0x70 /Applications/STM32CubeIDE.app/Contents/Eclipse/plugins/com.st.stm32cube.ide.mcu.externaltools.gnu-tools-for-stm32.10.3-2021.10.macos64_1.0.0.202111181127/tools/bin/../lib/gcc/arm-none-eabi/10.3.1/../../../../arm-none-eabi/lib/thumb/v7e-m+fp/hard/libc_nano.a(lib_a-findfp.o)
                0x00000000080078c4                __sinit
 .text.__sfp    0x0000000008007934       0x8c /Applications/STM32CubeIDE.app/Contents/Eclipse/plugins/com.st.stm32cube.ide.mcu.externaltools.gnu-tools-for-stm32.10.3-2021.10.macos64_1.0.0.202111181127/tools/bin/../lib/gcc/arm-none-eabi/10.3.1/../../../../arm-none-eabi/lib/thumb/v7e-m+fp/hard/libc_nano.a(lib_a-findfp.o)
                0x0000000008007934                __sfp
 .text.fprintf  0x00000000080079c0       0x24 /Applications/STM32CubeIDE.app/Contents/Eclipse/plugins/com.st.stm32cube.ide.mcu.externaltools.gnu-tools-for-stm32.10.3-2021.10.macos64_1.0.0.202111181127/tools/bin/../lib/gcc/arm-none-eabi/10.3.1/../../../../arm-none-eabi/lib/thumb/v7e-m+fp/hard/libc_nano.a(lib_a-fprintf.o)
                0x00000000080079c0                fprintf
                0x00000000080079c0                fiprintf
 .text._fwalk_reent
                0x00000000080079e4       0x3e /Applications/STM32CubeIDE.app/Contents/Eclipse/plugins/com.st.stm32cube.ide.mcu.externaltools.gnu-tools-for-stm32.10.3-2021.10.macos64_1.0.0.202111181127/tools/bin/../lib/gcc/arm-none-eabi/10.3.1/../../../../arm-none-eabi/lib/thumb/v7e-m+fp/hard/libc_nano.a(lib_a-fwalk.o)
                0x00000000080079e4                _fwalk_reent
 *fill*         0x0000000008007a22        0x2 
 .text._lseek_r
                0x0000000008007a24       0x24 /Applications/STM32CubeIDE.app/Contents/Eclipse/plugins/com.st.stm32cube.ide.mcu.externaltools.gnu-tools-for-stm32.10.3-2021.10.macos64_1.0.0.202111181127/tools/bin/../lib/gcc/arm-none-eabi/10.3.1/../../../../arm-none-eabi/lib/thumb/v7e-m+fp/hard/libc_nano.a(lib_a-lseekr.o)
                0x0000000008007a24                _lseek_r
 .text.__swhatbuf_r
                0x0000000008007a48       0x4a /Applications/STM32CubeIDE.app/Contents/Eclipse/plugins/com.st.stm32cube.ide.mcu.externaltools.gnu-tools-for-stm32.10.3-2021.10.macos64_1.0.0.202111181127/tools/bin/../lib/gcc/arm-none-eabi/10.3.1/../../../../arm-none-eabi/lib/thumb/v7e-m+fp/hard/libc_nano.a(lib_a-makebuf.o)
                0x0000000008007a48                __swhatbuf_r
 *fill*         0x0000000008007a92        0x2 
 .text.__smakebuf_r
                0x0000000008007a94       0x80 /Applications/STM32CubeIDE.app/Contents/Eclipse/plugins/com.st.stm32cube.ide.mcu.externaltools.gnu-tools-for-stm32.10.3-2021.10.macos64_1.0.0.202111181127/tools/bin/../lib/gcc/arm-none-eabi/10.3.1/../../../../arm-none-eabi/lib/thumb/v7e-m+fp/hard/libc_nano.a(lib_a-makebuf.o)
                0x0000000008007a94                __smakebuf_r
 .text.__malloc_lock
                0x0000000008007b14        0xc /Applications/STM32CubeIDE.app/Contents/Eclipse/plugins/com.st.stm32cube.ide.mcu.externaltools.gnu-tools-for-stm32.10.3-2021.10.macos64_1.0.0.202111181127/tools/bin/../lib/gcc/arm-none-eabi/10.3.1/../../../../arm-none-eabi/lib/thumb/v7e-m+fp/hard/libc_nano.a(lib_a-mlock.o)
                0x0000000008007b14                __malloc_lock
 .text.__malloc_unlock
                0x0000000008007b20        0xc /Applications/STM32CubeIDE.app/Contents/Eclipse/plugins/com.st.stm32cube.ide.mcu.externaltools.gnu-tools-for-stm32.10.3-2021.10.macos64_1.0.0.202111181127/tools/bin/../lib/gcc/arm-none-eabi/10.3.1/../../../../arm-none-eabi/lib/thumb/v7e-m+fp/hard/libc_nano.a(lib_a-mlock.o)
                0x0000000008007b20                __malloc_unlock
 .text.__ssputs_r
                0x0000000008007b2c       0xb6 /Applications/STM32CubeIDE.app/Contents/Eclipse/plugins/com.st.stm32cube.ide.mcu.externaltools.gnu-tools-for-stm32.10.3-2021.10.macos64_1.0.0.202111181127/tools/bin/../lib/gcc/arm-none-eabi/10.3.1/../../../../arm-none-eabi/lib/thumb/v7e-m+fp/hard/libc_nano.a(lib_a-nano-svfprintf.o)
                0x0000000008007b2c                __ssputs_r
 *fill*         0x0000000008007be2        0x2 
 .text._svfprintf_r
                0x0000000008007be4      0x200 /Applications/STM32CubeIDE.app/Contents/Eclipse/plugins/com.st.stm32cube.ide.mcu.externaltools.gnu-tools-for-stm32.10.3-2021.10.macos64_1.0.0.202111181127/tools/bin/../lib/gcc/arm-none-eabi/10.3.1/../../../../arm-none-eabi/lib/thumb/v7e-m+fp/hard/libc_nano.a(lib_a-nano-svfprintf.o)
                0x0000000008007be4                _svfprintf_r
                0x0000000008007be4                _svfiprintf_r
 .text._sungetc_r
                0x0000000008007de4       0x7a /Applications/STM32CubeIDE.app/Contents/Eclipse/plugins/com.st.stm32cube.ide.mcu.externaltools.gnu-tools-for-stm32.10.3-2021.10.macos64_1.0.0.202111181127/tools/bin/../lib/gcc/arm-none-eabi/10.3.1/../../../../arm-none-eabi/lib/thumb/v7e-m+fp/hard/libc_nano.a(lib_a-nano-svfscanf.o)
                0x0000000008007de4                _sungetc_r
 .text.__ssrefill_r
                0x0000000008007e5e       0x3a /Applications/STM32CubeIDE.app/Contents/Eclipse/plugins/com.st.stm32cube.ide.mcu.externaltools.gnu-tools-for-stm32.10.3-2021.10.macos64_1.0.0.202111181127/tools/bin/../lib/gcc/arm-none-eabi/10.3.1/../../../../arm-none-eabi/lib/thumb/v7e-m+fp/hard/libc_nano.a(lib_a-nano-svfscanf.o)
                0x0000000008007e5e                __ssrefill_r
 .text.__ssvfscanf_r
                0x0000000008007e98      0x2f0 /Applications/STM32CubeIDE.app/Contents/Eclipse/plugins/com.st.stm32cube.ide.mcu.externaltools.gnu-tools-for-stm32.10.3-2021.10.macos64_1.0.0.202111181127/tools/bin/../lib/gcc/arm-none-eabi/10.3.1/../../../../arm-none-eabi/lib/thumb/v7e-m+fp/hard/libc_nano.a(lib_a-nano-svfscanf.o)
                0x0000000008007e98                __ssvfscanf_r
                0x0000000008007e98                __ssvfiscanf_r
 .text.__sfputc_r
                0x0000000008008188       0x2e /Applications/STM32CubeIDE.app/Contents/Eclipse/plugins/com.st.stm32cube.ide.mcu.externaltools.gnu-tools-for-stm32.10.3-2021.10.macos64_1.0.0.202111181127/tools/bin/../lib/gcc/arm-none-eabi/10.3.1/../../../../arm-none-eabi/lib/thumb/v7e-m+fp/hard/libc_nano.a(lib_a-nano-vfprintf.o)
 .text.__sfputs_r
                0x00000000080081b6       0x24 /Applications/STM32CubeIDE.app/Contents/Eclipse/plugins/com.st.stm32cube.ide.mcu.externaltools.gnu-tools-for-stm32.10.3-2021.10.macos64_1.0.0.202111181127/tools/bin/../lib/gcc/arm-none-eabi/10.3.1/../../../../arm-none-eabi/lib/thumb/v7e-m+fp/hard/libc_nano.a(lib_a-nano-vfprintf.o)
                0x00000000080081b6                __sfputs_r
 *fill*         0x00000000080081da        0x2 
 .text._vfprintf_r
                0x00000000080081dc      0x260 /Applications/STM32CubeIDE.app/Contents/Eclipse/plugins/com.st.stm32cube.ide.mcu.externaltools.gnu-tools-for-stm32.10.3-2021.10.macos64_1.0.0.202111181127/tools/bin/../lib/gcc/arm-none-eabi/10.3.1/../../../../arm-none-eabi/lib/thumb/v7e-m+fp/hard/libc_nano.a(lib_a-nano-vfprintf.o)
                0x00000000080081dc                _vfiprintf_r
                0x00000000080081dc                _vfprintf_r
 .text._printf_common
                0x000000000800843c       0xda /Applications/STM32CubeIDE.app/Contents/Eclipse/plugins/com.st.stm32cube.ide.mcu.externaltools.gnu-tools-for-stm32.10.3-2021.10.macos64_1.0.0.202111181127/tools/bin/../lib/gcc/arm-none-eabi/10.3.1/../../../../arm-none-eabi/lib/thumb/v7e-m+fp/hard/libc_nano.a(lib_a-nano-vfprintf_i.o)
                0x000000000800843c                _printf_common
 *fill*         0x0000000008008516        0x2 
 .text._printf_i
                0x0000000008008518      0x24c /Applications/STM32CubeIDE.app/Contents/Eclipse/plugins/com.st.stm32cube.ide.mcu.externaltools.gnu-tools-for-stm32.10.3-2021.10.macos64_1.0.0.202111181127/tools/bin/../lib/gcc/arm-none-eabi/10.3.1/../../../../arm-none-eabi/lib/thumb/v7e-m+fp/hard/libc_nano.a(lib_a-nano-vfprintf_i.o)
                0x0000000008008518                _printf_i
 .text._scanf_chars
                0x0000000008008764       0xb4 /Applications/STM32CubeIDE.app/Contents/Eclipse/plugins/com.st.stm32cube.ide.mcu.externaltools.gnu-tools-for-stm32.10.3-2021.10.macos64_1.0.0.202111181127/tools/bin/../lib/gcc/arm-none-eabi/10.3.1/../../../../arm-none-eabi/lib/thumb/v7e-m+fp/hard/libc_nano.a(lib_a-nano-vfscanf_i.o)
                0x0000000008008764                _scanf_chars
 .text._scanf_i
                0x0000000008008818      0x1f0 /Applications/STM32CubeIDE.app/Contents/Eclipse/plugins/com.st.stm32cube.ide.mcu.externaltools.gnu-tools-for-stm32.10.3-2021.10.macos64_1.0.0.202111181127/tools/bin/../lib/gcc/arm-none-eabi/10.3.1/../../../../arm-none-eabi/lib/thumb/v7e-m+fp/hard/libc_nano.a(lib_a-nano-vfscanf_i.o)
                0x0000000008008818                _scanf_i
 .text._read_r  0x0000000008008a08       0x24 /Applications/STM32CubeIDE.app/Contents/Eclipse/plugins/com.st.stm32cube.ide.mcu.externaltools.gnu-tools-for-stm32.10.3-2021.10.macos64_1.0.0.202111181127/tools/bin/../lib/gcc/arm-none-eabi/10.3.1/../../../../arm-none-eabi/lib/thumb/v7e-m+fp/hard/libc_nano.a(lib_a-readr.o)
                0x0000000008008a08                _read_r
 .text.__sccl   0x0000000008008a2c       0x70 /Applications/STM32CubeIDE.app/Contents/Eclipse/plugins/com.st.stm32cube.ide.mcu.externaltools.gnu-tools-for-stm32.10.3-2021.10.macos64_1.0.0.202111181127/tools/bin/../lib/gcc/arm-none-eabi/10.3.1/../../../../arm-none-eabi/lib/thumb/v7e-m+fp/hard/libc_nano.a(lib_a-sccl.o)
                0x0000000008008a2c                __sccl
 .text._strtoul_l.constprop.0
                0x0000000008008a9c       0xe4 /Applications/STM32CubeIDE.app/Contents/Eclipse/plugins/com.st.stm32cube.ide.mcu.externaltools.gnu-tools-for-stm32.10.3-2021.10.macos64_1.0.0.202111181127/tools/bin/../lib/gcc/arm-none-eabi/10.3.1/../../../../arm-none-eabi/lib/thumb/v7e-m+fp/hard/libc_nano.a(lib_a-strtoul.o)
 .text._strtoul_r
                0x0000000008008b80        0x4 /Applications/STM32CubeIDE.app/Contents/Eclipse/plugins/com.st.stm32cube.ide.mcu.externaltools.gnu-tools-for-stm32.10.3-2021.10.macos64_1.0.0.202111181127/tools/bin/../lib/gcc/arm-none-eabi/10.3.1/../../../../arm-none-eabi/lib/thumb/v7e-m+fp/hard/libc_nano.a(lib_a-strtoul.o)
                0x0000000008008b80                _strtoul_r
 .text.__submore
                0x0000000008008b84       0x74 /Applications/STM32CubeIDE.app/Contents/Eclipse/plugins/com.st.stm32cube.ide.mcu.externaltools.gnu-tools-for-stm32.10.3-2021.10.macos64_1.0.0.202111181127/tools/bin/../lib/gcc/arm-none-eabi/10.3.1/../../../../arm-none-eabi/lib/thumb/v7e-m+fp/hard/libc_nano.a(lib_a-ungetc.o)
                0x0000000008008b84                __submore
 .text.abort    0x0000000008008bf8        0xe /Applications/STM32CubeIDE.app/Contents/Eclipse/plugins/com.st.stm32cube.ide.mcu.externaltools.gnu-tools-for-stm32.10.3-2021.10.macos64_1.0.0.202111181127/tools/bin/../lib/gcc/arm-none-eabi/10.3.1/../../../../arm-none-eabi/lib/thumb/v7e-m+fp/hard/libc_nano.a(lib_a-abort.o)
                0x0000000008008bf8                abort
 *fill*         0x0000000008008c06        0x2 
 .text._fstat_r
                0x0000000008008c08       0x24 /Applications/STM32CubeIDE.app/Contents/Eclipse/plugins/com.st.stm32cube.ide.mcu.externaltools.gnu-tools-for-stm32.10.3-2021.10.macos64_1.0.0.202111181127/tools/bin/../lib/gcc/arm-none-eabi/10.3.1/../../../../arm-none-eabi/lib/thumb/v7e-m+fp/hard/libc_nano.a(lib_a-fstatr.o)
                0x0000000008008c08                _fstat_r
 .text._isatty_r
                0x0000000008008c2c       0x20 /Applications/STM32CubeIDE.app/Contents/Eclipse/plugins/com.st.stm32cube.ide.mcu.externaltools.gnu-tools-for-stm32.10.3-2021.10.macos64_1.0.0.202111181127/tools/bin/../lib/gcc/arm-none-eabi/10.3.1/../../../../arm-none-eabi/lib/thumb/v7e-m+fp/hard/libc_nano.a(lib_a-isattyr.o)
                0x0000000008008c2c                _isatty_r
 .text.memmove  0x0000000008008c4c       0x34 /Applications/STM32CubeIDE.app/Contents/Eclipse/plugins/com.st.stm32cube.ide.mcu.externaltools.gnu-tools-for-stm32.10.3-2021.10.macos64_1.0.0.202111181127/tools/bin/../lib/gcc/arm-none-eabi/10.3.1/../../../../arm-none-eabi/lib/thumb/v7e-m+fp/hard/libc_nano.a(lib_a-memmove.o)
                0x0000000008008c4c                memmove
 .text._realloc_r
                0x0000000008008c80       0x5e /Applications/STM32CubeIDE.app/Contents/Eclipse/plugins/com.st.stm32cube.ide.mcu.externaltools.gnu-tools-for-stm32.10.3-2021.10.macos64_1.0.0.202111181127/tools/bin/../lib/gcc/arm-none-eabi/10.3.1/../../../../arm-none-eabi/lib/thumb/v7e-m+fp/hard/libc_nano.a(lib_a-nano-reallocr.o)
                0x0000000008008c80                _realloc_r
 .text._raise_r
                0x0000000008008cde       0x50 /Applications/STM32CubeIDE.app/Contents/Eclipse/plugins/com.st.stm32cube.ide.mcu.externaltools.gnu-tools-for-stm32.10.3-2021.10.macos64_1.0.0.202111181127/tools/bin/../lib/gcc/arm-none-eabi/10.3.1/../../../../arm-none-eabi/lib/thumb/v7e-m+fp/hard/libc_nano.a(lib_a-signal.o)